I/dalvikvm(  429): Could not find method android.app.ActivityManager.removeTask, referenced from method com.vphone.launcher.service.CommonService.a
W/dalvikvm(  429): VFY: unable to resolve virtual method 522: Landroid/app/ActivityManager;.removeTask (I)Z
D/dalvikvm(  429): VFY: replacing opcode 0x6e at 0x0066
D/AndroidRuntime(  832): Shutting down VM
E/cutils-trace(  832): Error opening trace file: No such file or directory (2)
D/dalvikvm(  832): GC_CONCURRENT freed 96K, 15% free 585K/684K, paused 0ms+0ms, total 1ms
D/Sensors (  276): Client connection accepted (183)
D/dalvikvm(  725): GC_CONCURRENT freed 65K, 4% free 4275K/4440K, paused 2ms+1ms, total 6ms
D/dalvikvm(  725): GC_CONCURRENT freed 326K, 9% free 4343K/4768K, paused 11ms+4ms, total 21ms
D/dalvikvm(  725): GC_FOR_ALLOC freed 36K, 9% free 4428K/4824K, paused 23ms, total 23ms
I/dalvikvm-heap(  725): Grow heap (frag case) to 5.024MB for 635808-byte allocation
D/dalvikvm(  725): GC_FOR_ALLOC freed <1K, 8% free 5049K/5448K, paused 7ms, total 7ms
D/dalvikvm(  725): GC_CONCURRENT freed 20K, 8% free 5054K/5448K, paused 2ms+0ms, total 6ms
D/dalvikvm(  725): Trying to load lib /data/app-lib/com.tencent.mm-1/libmatrixmrs.so 0x94f81c00
I/dalvikvm(  725): Could not find method android.content.res.Resources.getDrawable, referenced from method com.tencent.mm.bq.a.getDrawable
W/dalvikvm(  725): VFY: unable to resolve virtual method 436: Landroid/content/res/Resources;.getDrawable (ILandroid/content/res/Resources$Theme;)Landroid/graphics/drawable/Drawable;
D/dalvikvm(  725): VFY: replacing opcode 0x6f at 0x000d
I/dalvikvm(  725): Could not find method android.content.res.Resources.getDrawableForDensity, referenced from method com.tencent.mm.bq.a.getDrawableForDensity
W/dalvikvm(  725): VFY: unable to resolve virtual method 438: Landroid/content/res/Resources;.getDrawableForDensity (IILandroid/content/res/Resources$Theme;)Landroid/graphics/drawable/Drawable;
D/dalvikvm(  725): VFY: replacing opcode 0x6f at 0x000d
D/dalvikvm(  725): Trying to load lib /data/app-lib/com.tencent.mm-1/libwechatxlog.so 0x94f81c00
D/dalvikvm(  725): Shared lib '/data/app-lib/com.tencent.mm-1/libwechatxlog.so' already loaded in same CL 0x94f81c00
D/dalvikvm(  725): Trying to load lib /data/app-lib/com.tencent.mm-1/libstlport_shared.so 0x94f81c00
D/dalvikvm(  725): Shared lib '/data/app-lib/com.tencent.mm-1/libstlport_shared.so' already loaded in same CL 0x94f81c00
D/dalvikvm(  725): Added shared lib /data/app-lib/com.tencent.mm-1/libmatrixmrs.so 0x94f81c00
D/dalvikvm(  725): Trying to load lib /data/app-lib/com.tencent.mm-1/libSqliteLint-lib.so 0x94f81c00
D/PermissionCache(  167): checking android.permission.READ_FRAME_BUFFER for uid=1000 => granted (43 us)
E/SurfaceFlinger(  167): glCheckFramebufferStatusOES error 36054
E/SurfaceFlinger(  167): got GL_FRAMEBUFFER_COMPLETE_OES error while taking screenshot
D/SurfaceFlinger(  167): setOrientation, mFbdev=0xb79ebde0, mFbDev->setOrientation=0xb6980ce0, orientation=3
I/gralloc_nox(  167): setOrientation: orientation=3
I/InputReader(  276): Reconfiguring input devices.  changes=0x00000004
I/InputReader(  276): Device reconfigured: id=1, name='seamless mouse', size 1280x720, orientation 3, mode 1, display id 0
I/InputReader(  276): Device reconfigured: id=3, name='Android Input', size 1280x720, orientation 3, mode 1, display id 0
I/InputReader(  276): Device reconfigured: id=8, name='VirtualBox USB Tablet', size 1280x720, orientation 3, mode 1, display id 0
I/ActivityManager(  276): Config changes=480 {1.0 460mcc7mnc zh_CN ldltr sw480dp w480dp h828dp 240dpi lrg long port finger qwerty/v/v dpad/v s.6}
D/PhoneStatusBar(  330): mSettingsPanelGravity = 55
W/DebugConnManager(  429): getNetworkInfo() on networkType 1
D/dalvikvm(  429): No JNI_OnLoad found in /system/lib/libxl_thunder_sdk.so 0x94f80870, skipping init
D/dalvikvm(  429): No JNI_OnLoad found in /system/lib/libvphone_xl_thunder_iface.so 0x94f80870, skipping init
I/XLUtil  (  429): loadAndParseFile start
D/dalvikvm(  330): GC_FOR_ALLOC freed 7478K, 60% free 5229K/12804K, paused 5ms, total 9ms
I/dalvikvm-heap(  330): Grow heap (frag case) to 11.446MB for 6553612-byte allocation
I/XLUtil  (  429): loadAndParseFile end
I/XLDownloadManager(  429): Peerid:ODBBNTg5M0QyMzgzMDBYWQ==
I/XLDownloadManager(  429): Guid:MzUyMjg0MDQ1OTQyNDQyXzgwQTU4OTNEMjM4Mw==
D/dalvikvm(  330): GC_CONCURRENT freed 56K, 10% free 11573K/12804K, paused 1ms+1ms, total 7ms
I/XLDownloadManager(  429): doMonitorNetworkChange()
I/XLDownloadManager(  429): register Receiver
W/Launcher(  429): setApplicationContext called twice! old=com.vphone.launcher.LauncherApplication@4a7c111c new=com.vphone.launcher.LauncherApplication@4a7c111c
W/ResourceType(  429): Attempt to retrieve bag 0x7f0e00a4 which is invalid or in a cycle.
D/dalvikvm(  429): GC_CONCURRENT freed 431K, 9% free 5847K/6372K, paused 2ms+1ms, total 21ms
D/dalvikvm(  429): WAIT_FOR_CONCURRENT_GC blocked 8ms
I/dalvikvm(  725): Could not find method android.widget.ListView.dispatchNestedPreScroll, referenced from method com.tencent.mm.ui.conversation.ConversationWithAppBrandListView.dispatchNestedPreScroll
W/dalvikvm(  725): VFY: unable to resolve virtual method 3858: Landroid/widget/ListView;.dispatchNestedPreScroll (II[I[I)Z
D/dalvikvm(  725): VFY: replacing opcode 0x6f at 0x0016
I/dalvikvm(  725): Could not find method android.widget.ListView.dispatchNestedPreScroll, referenced from method com.tencent.mm.ui.conversation.ConversationWithAppBrandListView.dispatchNestedPreScroll
W/dalvikvm(  725): VFY: unable to resolve virtual method 3858: Landroid/widget/ListView;.dispatchNestedPreScroll (II[I[I)Z
D/dalvikvm(  725): VFY: replacing opcode 0x6f at 0x001a
D/dalvikvm(  429): WAIT_FOR_CONCURRENT_GC blocked 9ms
D/Launcher(  429): 11683562 - bindAddScreens()
D/Launcher(  429): 11683562 -   orderedScreenIds: 1
D/Launcher.Workspace(  429): 11683562 - insertNewWorkspaceScreen(): 1 at index: 0
W/ViewPager(  429): Requested offscreen page limit 0 too small; defaulting to 1
D/dalvikvm(  429): WAIT_FOR_CONCURRENT_GC blocked 39ms
D/dalvikvm(  276): GC_CONCURRENT freed 556K, 11% free 5636K/6296K, paused 0ms+5ms, total 58ms
D/dalvikvm(  725): GC_FOR_ALLOC freed 272K, 7% free 5287K/5660K, paused 32ms, total 32ms
I/dalvikvm-heap(  725): Grow heap (frag case) to 5.863MB for 635808-byte allocation
D/dalvikvm(  725): GC_FOR_ALLOC freed 0K, 6% free 5908K/6284K, paused 5ms, total 5ms
W/ContextImpl(  429): Calling a method in the system process without a qualified user: android.app.ContextImpl.startService:1492 android.content.ContextWrapper.startService:494 com.vphone.launcher.Launcher.g:677 com.vphone.launcher.Launcher.a:176 com.vphone.launcher.Launcher$11.run:633 
D/dalvikvm(  725): Added shared lib /data/app-lib/com.tencent.mm-1/libSqliteLint-lib.so 0x94f81c00
D/dalvikvm(  725): Trying to load lib /data/app-lib/com.tencent.mm-1/libhardcoder.so 0x94f81c00
D/dalvikvm(  725): Trying to load lib /data/app-lib/com.tencent.mm-1/libwechatxlog.so 0x94f81c00
D/dalvikvm(  725): Shared lib '/data/app-lib/com.tencent.mm-1/libwechatxlog.so' already loaded in same CL 0x94f81c00
D/dalvikvm(  725): Added shared lib /data/app-lib/com.tencent.mm-1/libhardcoder.so 0x94f81c00
W/EGL_emulation(  429): eglSurfaceAttrib not implemented 3093 12436
D/XLDownloadManager(  429): NetworkChangeHandlerThread nettype=9
D/XLDownloadManager(  429): NetworkChangeHandlerThread bssid=80:A5:89:3D:23:83
W/dalvikvm(  725): No implementation found for native Lcom/tencent/wcdb/database/SQLiteGlobal;.nativeSetDefaultPageSize:(I)V
D/dalvikvm(  725): Trying to load lib /data/app-lib/com.tencent.mm-1/libwcdb.so 0x94f81c00
W/EGL_emulation(  330): eglSurfaceAttrib not implemented 3093 12436
D/dalvikvm(  725): Added shared lib /data/app-lib/com.tencent.mm-1/libwcdb.so 0x94f81c00
I/WCDB    (  725): Initialize JNI module (1/11) CursorWindow...
V/WCDB.JNIHelp(  725): Registering com/tencent/wcdb/CursorWindow natives
I/WCDB    (  725): Initialize JNI module (2/11) ChunkedCursorWindow...
V/WCDB.JNIHelp(  725): Registering com/tencent/wcdb/database/ChunkedCursorWindow natives
V/WCDB.JNIHelp(  725): Registering com/tencent/wcdb/database/SQLiteAsyncQuery natives
I/WCDB    (  725): Initialize JNI module (3/11) SQLiteConnection...
I/WCDB    (  725): Initialize JNI module (4/11) SQLiteDebug...
V/WCDB.JNIHelp(  725): Registering com/tencent/wcdb/database/SQLiteDebug natives
I/WCDB    (  725): Initialize JNI module (5/11) SQLiteDirectCursor...
V/WCDB.JNIHelp(  725): Registering com/tencent/wcdb/database/SQLiteDirectQuery natives
I/WCDB    (  725): Initialize JNI module (6/11) SQLiteGlobal...
V/WCDB.JNIHelp(  725): Registering com/tencent/wcdb/database/SQLiteGlobal natives
I/WCDB    (  725): Initialize JNI module (7/11) FileUtils...
V/WCDB.JNIHelp(  725): Registering com/tencent/wcdb/FileUtils natives
I/WCDB    (  725): Initialize JNI module (8/11) DBBackup...
V/WCDB.JNIHelp(  725): Registering com/tencent/wcdb/repair/BackupKit natives
V/WCDB.JNIHelp(  725): Registering com/tencent/wcdb/repair/RecoverKit natives
I/WCDB    (  725): Initialize JNI module (9/11) DBDumpUtil...
V/WCDB.JNIHelp(  725): Registering com/tencent/wcdb/repair/DBDumpUtil natives
I/WCDB    (  725): Initialize JNI module (10/11) DBRepair...
V/WCDB.JNIHelp(  725): Registering com/tencent/wcdb/repair/RepairKit$RepairCursor natives
I/WCDB    (  725): Initialize JNI module (11/11) Log...
V/WCDB.JNIHelp(  725): Registering com/tencent/wcdb/support/Log natives
I/WindowManager(  276): Screen frozen for +651ms due to Window{4a95cca4 u0 com.vphone.launcher/com.vphone.launcher.Launcher}
W/ContextImpl(  276): Calling a method in the system process without a qualified user: android.app.ContextImpl.sendBroadcast:1123 com.android.server.InputMethodManagerService.hideCurrentInputLocked:1880 com.android.server.InputMethodManagerService.windowGainedFocus:1968 com.android.internal.view.IInputMethodManager$Stub.onTransact:221 com.android.server.InputMethodManagerService.onTransact:818 
D/dalvikvm(  429): GC_CONCURRENT freed 660K, 12% free 6094K/6852K, paused 2ms+4ms, total 12ms
I/dalvikvm(  725): Could not find method com.tencent.mm.ui.MMActivity.getReferrer, referenced from method com.tencent.mm.ui.MMActivity.cqk
W/dalvikvm(  725): VFY: unable to resolve virtual method 29565: Lcom/tencent/mm/ui/MMActivity;.getReferrer ()Landroid/net/Uri;
D/dalvikvm(  725): VFY: replacing opcode 0x6e at 0x0045
I/dalvikvm(  725): Could not find method android.view.Window.getStatusBarColor, referenced from method com.tencent.mm.ui.MMActivity.lF
W/dalvikvm(  725): VFY: unable to resolve virtual method 7672: Landroid/view/Window;.getStatusBarColor ()I
D/dalvikvm(  725): VFY: replacing opcode 0x6e at 0x001d
W/dalvikvm(  725): VFY: unable to find class referenced in signature (Landroid/app/SharedElementCallback;)
I/dalvikvm(  725): Could not find method android.app.Activity.setEnterSharedElementCallback, referenced from method android.support.v4.app.FragmentActivity.setEnterSharedElementCallback
W/dalvikvm(  725): VFY: unable to resolve virtual method 76: Landroid/app/Activity;.setEnterSharedElementCallback (Landroid/app/SharedElementCallback;)V
D/dalvikvm(  725): VFY: replacing opcode 0x6e at 0x000e
W/dalvikvm(  725): VFY: unable to find class referenced in signature (Landroid/app/SharedElementCallback;)
I/dalvikvm(  725): Could not find method android.app.Activity.setExitSharedElementCallback, referenced from method android.support.v4.app.FragmentActivity.setExitSharedElementCallback
W/dalvikvm(  725): VFY: unable to resolve virtual method 77: Landroid/app/Activity;.setExitSharedElementCallback (Landroid/app/SharedElementCallback;)V
D/dalvikvm(  725): VFY: replacing opcode 0x6e at 0x000e
E/dalvikvm(  725): Could not find class 'android.media.session.MediaController', referenced from method android.support.v4.app.FragmentActivity.setSupportMediaController
W/dalvikvm(  725): VFY: unable to resolve check-cast 208 (Landroid/media/session/MediaController;) in Landroid/support/v4/app/FragmentActivity;
D/dalvikvm(  725): VFY: replacing opcode 0x1f at 0x000e
I/dalvikvm(  725): Could not find method android.app.Activity.finishAfterTransition, referenced from method android.support.v4.app.FragmentActivity.supportFinishAfterTransition
W/dalvikvm(  725): VFY: unable to resolve virtual method 42: Landroid/app/Activity;.finishAfterTransition ()V
D/dalvikvm(  725): VFY: replacing opcode 0x6e at 0x0006
I/dalvikvm(  725): Could not find method android.app.Activity.postponeEnterTransition, referenced from method android.support.v4.app.FragmentActivity.supportPostponeEnterTransition
W/dalvikvm(  725): VFY: unable to resolve virtual method 73: Landroid/app/Activity;.postponeEnterTransition ()V
D/dalvikvm(  725): VFY: replacing opcode 0x6e at 0x0006
I/dalvikvm(  725): Could not find method android.app.Activity.startPostponedEnterTransition, referenced from method android.support.v4.app.FragmentActivity.supportStartPostponedEnterTransition
W/dalvikvm(  725): VFY: unable to resolve virtual method 87: Landroid/app/Activity;.startPostponedEnterTransition ()V
D/dalvikvm(  725): VFY: replacing opcode 0x6e at 0x0006
I/dalvikvm(  725): Could not find method android.view.Window.setStatusBarColor, referenced from method com.tencent.mm.ui.s.k
W/dalvikvm(  725): VFY: unable to resolve virtual method 7682: Landroid/view/Window;.setStatusBarColor (I)V
D/dalvikvm(  725): VFY: replacing opcode 0x6e at 0x0018
W/dalvikvm(  725): No implementation found for native Lcom/tencent/mars/smc/SmcLogic;.getLoadLibraries:()Ljava/util/ArrayList;
D/dalvikvm(  725): Trying to load lib /data/app-lib/com.tencent.mm-1/libc++_shared.so 0x94f81c00
D/dalvikvm(  725): Shared lib '/data/app-lib/com.tencent.mm-1/libc++_shared.so' already loaded in same CL 0x94f81c00
D/dalvikvm(  725): Trying to load lib /data/app-lib/com.tencent.mm-1/libwechatmm.so 0x94f81c00
D/dalvikvm(  725): Trying to load lib /data/app-lib/com.tencent.mm-1/libwechatxlog.so 0x94f81c00
D/dalvikvm(  725): Shared lib '/data/app-lib/com.tencent.mm-1/libwechatxlog.so' already loaded in same CL 0x94f81c00
D/dalvikvm(  725): Trying to load lib /data/app-lib/com.tencent.mm-1/libc++_shared.so 0x94f81c00
D/dalvikvm(  725): Shared lib '/data/app-lib/com.tencent.mm-1/libc++_shared.so' already loaded in same CL 0x94f81c00
D/su      (  871): su invoked.
D/su      (  871): starting daemon client 0 0
D/su      (  873): remote pid: 871
D/su      (  873): remote pts_slave: 
D/su      (  873): waiting for child exit
D/su      (  875): su invoked.
D/su      (  875): Allowing root/system/radio.
D/su      (  875): 0 /system/bin/mksh executing 0 umount /mnt/sdcard/BigNoxGameHD using binary /system/bin/sh : sh -c umount /mnt/sdcard/BigNoxGameHD
D/su      (  873): sending code
D/su      (  873): child exited
D/su      (  871): client exited 1
D/su      (  884): su invoked.
D/su      (  884): starting daemon client 0 0
D/su      (  886): remote pid: 884
D/su      (  886): remote pts_slave: 
D/su      (  886): waiting for child exit
D/su      (  888): su invoked.
D/su      (  888): Allowing root/system/radio.
D/su      (  888): 0 /system/bin/mksh executing 0 mkdir -p /mnt/sdcard/BigNoxGameHD using binary /system/bin/sh : sh -c mkdir -p /mnt/sdcard/BigNoxGameHD
D/su      (  886): sending code
D/su      (  886): child exited
D/su      (  884): client exited 0
D/dalvikvm(  725): Added shared lib /data/app-lib/com.tencent.mm-1/libwechatmm.so 0x94f81c00
D/su      (  892): su invoked.
D/su      (  892): starting daemon client 0 0
D/su      (  894): remote pid: 892
D/su      (  894): remote pts_slave: 
D/su      (  894): waiting for child exit
D/su      (  896): su invoked.
D/su      (  896): Allowing root/system/radio.
D/su      (  896): 0 /system/bin/mksh executing 0 mount.vboxsf -o rw,uid=0,gid=1028 App /mnt/sdcard/BigNoxGameHD using binary /system/bin/sh : sh -c mount.vboxsf -o rw,uid=0,gid=1028 App /mnt/sdcard/BigNoxGameHD
D/su      (  894): sending code
D/su      (  894): child exited
D/su      (  892): client exited 0
D/su      (  900): su invoked.
D/su      (  900): starting daemon client 0 0
D/su      (  902): remote pid: 900
D/su      (  902): remote pts_slave: 
D/su      (  902): waiting for child exit
D/su      (  904): su invoked.
D/su      (  904): Allowing root/system/radio.
D/su      (  904): 0 /system/bin/mksh executing 0 umount /mnt/sdcard/Pictures/Screenshots/img using binary /system/bin/sh : sh -c umount /mnt/sdcard/Pictures/Screenshots/img
D/su      (  902): sending code
D/su      (  902): child exited
D/su      (  900): client exited 1
D/su      (  907): su invoked.
D/su      (  907): starting daemon client 0 0
D/su      (  909): remote pid: 907
D/su      (  909): remote pts_slave: 
D/su      (  909): waiting for child exit
D/su      (  911): su invoked.
D/su      (  911): Allowing root/system/radio.
D/su      (  911): 0 /system/bin/mksh executing 0 mkdir -p /mnt/sdcard/Pictures/Screenshots/img using binary /system/bin/sh : sh -c mkdir -p /mnt/sdcard/Pictures/Screenshots/img
D/su      (  909): sending code
D/su      (  909): child exited
D/su      (  907): client exited 0
D/su      (  916): su invoked.
D/su      (  916): starting daemon client 0 0
D/su      (  918): remote pid: 916
D/su      (  918): remote pts_slave: 
D/su      (  918): waiting for child exit
D/su      (  920): su invoked.
D/su      (  920): Allowing root/system/radio.
D/su      (  920): 0 /system/bin/mksh executing 0 mount.vboxsf -o rw,uid=0,gid=1028 Image /mnt/sdcard/Pictures/Screenshots/img using binary /system/bin/sh : sh -c mount.vboxsf -o rw,uid=0,gid=1028 Image /mnt/sdcard/Pictures/Screenshots/img
D/su      (  918): sending code
D/dalvikvm(  725): GC_CONCURRENT freed 482K, 9% free 6328K/6908K, paused 2ms+7ms, total 25ms
D/su      (  918): child exited
D/su      (  916): client exited 0
D/su      (  925): su invoked.
D/su      (  925): starting daemon client 0 0
D/su      (  927): remote pid: 925
D/su      (  927): remote pts_slave: 
D/su      (  927): waiting for child exit
D/su      (  929): su invoked.
D/su      (  929): Allowing root/system/radio.
D/su      (  929): 0 /system/bin/mksh executing 0 umount /mnt/sdcard/Download/other using binary /system/bin/sh : sh -c umount /mnt/sdcard/Download/other
D/su      (  927): sending code
D/su      (  927): child exited
D/su      (  925): client exited 1
D/su      (  932): su invoked.
D/su      (  932): starting daemon client 0 0
D/su      (  935): remote pid: 932
D/su      (  935): remote pts_slave: 
D/su      (  935): waiting for child exit
D/su      (  937): su invoked.
D/su      (  937): Allowing root/system/radio.
D/su      (  937): 0 /system/bin/mksh executing 0 mkdir -p /mnt/sdcard/Download/other using binary /system/bin/sh : sh -c mkdir -p /mnt/sdcard/Download/other
D/su      (  935): sending code
D/su      (  935): child exited
D/su      (  932): client exited 0
D/su      (  940): su invoked.
D/su      (  940): starting daemon client 0 0
D/su      (  942): remote pid: 940
D/su      (  942): remote pts_slave: 
D/su      (  942): waiting for child exit
D/su      (  944): su invoked.
D/su      (  944): Allowing root/system/radio.
D/su      (  944): 0 /system/bin/mksh executing 0 mount.vboxsf -o rw,uid=0,gid=1028 Other /mnt/sdcard/Download/other using binary /system/bin/sh : sh -c mount.vboxsf -o rw,uid=0,gid=1028 Other /mnt/sdcard/Download/other
D/su      (  942): sending code
D/su      (  942): child exited
D/su      (  940): client exited 0
D/su      (  948): su invoked.
D/su      (  948): starting daemon client 0 0
D/su      (  950): remote pid: 948
D/su      (  950): remote pts_slave: 
D/su      (  950): waiting for child exit
D/su      (  952): su invoked.
D/su      (  952): Allowing root/system/radio.
D/su      (  952): 0 /system/bin/mksh executing 0 cp -rf /mnt/shared/Image/*.* /mnt/sdcard/Pictures/Screenshots using binary /system/bin/sh : sh -c cp -rf /mnt/shared/Image/*.* /mnt/sdcard/Pictures/Screenshots
D/su      (  950): sending code
D/su      (  950): child exited
D/su      (  948): client exited 1
D/AndroidRuntime(  954): 
D/AndroidRuntime(  954): >>>>>> AndroidRuntime START com.android.internal.os.RuntimeInit <<<<<<
W/System.err(  429): com.android.volley.NoConnectionError: java.net.UnknownHostException: Unable to resolve host "api.bignox.com": No address associated with hostname
W/System.err(  429): 	at com.android.volley.toolbox.BasicNetwork.performRequest(SourceFile:158)
W/System.err(  429): 	at com.android.volley.NetworkDispatcher.run(SourceFile:114)
W/System.err(  429): Caused by: java.net.UnknownHostException: Unable to resolve host "api.bignox.com": No address associated with hostname
W/System.err(  429): 	at java.net.InetAddress.lookupHostByName(InetAddress.java:424)
W/System.err(  429): 	at java.net.InetAddress.getAllByNameImpl(InetAddress.java:236)
W/System.err(  429): 	at java.net.InetAddress.getAllByName(InetAddress.java:214)
W/System.err(  429): 	at okhttp3.Dns$1.lookup(SourceFile:39)
W/System.err(  429): 	at okhttp3.internal.http.RouteSelector.a(SourceFile:173)
W/System.err(  429): 	at okhttp3.internal.http.RouteSelector.b(SourceFile:139)
W/System.err(  429): 	at okhttp3.internal.http.RouteSelector.next(SourceFile:81)
W/System.err(  429): 	at okhttp3.internal.http.StreamAllocation.a(SourceFile:174)
W/System.err(  429): 	at okhttp3.internal.http.StreamAllocation.a(SourceFile:127)
W/System.err(  429): 	at okhttp3.internal.http.StreamAllocation.newStream(SourceFile:97)
W/System.err(  429): 	at okhttp3.internal.http.HttpEngine.b(SourceFile:289)
W/System.err(  429): 	at okhttp3.internal.http.HttpEngine.sendRequest(SourceFile:241)
W/System.err(  429): 	at ni.a(SourceFile:240)
W/System.err(  429): 	at ni$a.proceed(SourceFile:198)
W/System.err(  429): 	at ni.a(SourceFile:160)
W/System.err(  429): 	at ni.execute(SourceFile:57)
W/System.err(  429): 	at com.vphone.launcher.utils.OkHttpStack.performRequest(SourceFile:141)
W/System.err(  429): 	at com.android.volley.toolbox.BasicNetwork.performRequest(SourceFile:97)
W/System.err(  429): 	... 1 more
W/System.err(  429): Caused by: libcore.io.GaiException: getaddrinfo failed: EAI_NODATA (No address associated with hostname)
W/System.err(  429): 	at libcore.io.Posix.getaddrinfo(Native Method)
W/System.err(  429): 	at libcore.io.ForwardingOs.getaddrinfo(ForwardingOs.java:61)
W/System.err(  429): 	at java.net.InetAddress.lookupHostByName(InetAddress.java:405)
W/System.err(  429): 	... 18 more
D/dalvikvm(  725): Trying to load lib /data/app-lib/com.tencent.mm-1/libMMProtocalJni.so 0x94f81c00
D/dalvikvm(  725): Trying to load lib /data/app-lib/com.tencent.mm-1/libwechatxlog.so 0x94f81c00
D/dalvikvm(  725): Shared lib '/data/app-lib/com.tencent.mm-1/libwechatxlog.so' already loaded in same CL 0x94f81c00
D/dalvikvm(  725): Trying to load lib /data/app-lib/com.tencent.mm-1/libstlport_shared.so 0x94f81c00
D/dalvikvm(  725): Shared lib '/data/app-lib/com.tencent.mm-1/libstlport_shared.so' already loaded in same CL 0x94f81c00
I/dalvikvm(  725): Could not find method android.content.Context.checkSelfPermission, referenced from method com.tinkerboots.sdk.a.na
W/dalvikvm(  725): VFY: unable to resolve virtual method 261: Landroid/content/Context;.checkSelfPermission (Ljava/lang/String;)I
D/dalvikvm(  725): VFY: replacing opcode 0x6e at 0x0035
E/dalvikvm(  725): Could not find class 'android.app.job.JobInfo$Builder', referenced from method com.tencent.tinker.lib.service.TinkerPatchService.bM
W/dalvikvm(  725): VFY: unable to resolve new-instance 47 (Landroid/app/job/JobInfo$Builder;) in Lcom/tencent/tinker/lib/service/TinkerPatchService;
D/dalvikvm(  725): VFY: replacing opcode 0x22 at 0x0018
W/dalvikvm(  725): Unable to resolve superclass of Lcom/tencent/tinker/lib/service/TinkerPatchService$JobServiceRunner; (50)
W/dalvikvm(  725): Link of class 'Lcom/tencent/tinker/lib/service/TinkerPatchService$JobServiceRunner;' failed
E/dalvikvm(  725): Could not find class 'com.tencent.tinker.lib.service.TinkerPatchService$JobServiceRunner', referenced from method com.tencent.tinker.lib.service.TinkerPatchService.cGW
W/dalvikvm(  725): VFY: unable to resolve const-class 20529 (Lcom/tencent/tinker/lib/service/TinkerPatchService$JobServiceRunner;) in Lcom/tencent/tinker/lib/service/TinkerPatchService;
D/dalvikvm(  725): VFY: replacing opcode 0x1c at 0x0009
D/dalvikvm(  725): DexOpt: unable to opt direct call 0x00a5 at 0x22 in Lcom/tencent/tinker/lib/service/TinkerPatchService;.bM
D/dalvikvm(  725): DexOpt: unable to opt direct call 0x04f3 at 0x27 in Lcom/tencent/tinker/lib/service/TinkerPatchService;.bM
D/dalvikvm(  725): Added shared lib /data/app-lib/com.tencent.mm-1/libMMProtocalJni.so 0x94f81c00
D/dalvikvm(  725): No JNI_OnLoad found in /data/app-lib/com.tencent.mm-1/libMMProtocalJni.so 0x94f81c00, skipping init
D/AndroidRuntime(  954): CheckJNI is OFF
D/dalvikvm(  954): Using executionMode 2
D/dalvikvm(  954): Trying to load lib libjavacore.so 0x0
D/dalvikvm(  954): Added shared lib libjavacore.so 0x0
D/dalvikvm(  954): Trying to load lib libnativehelper.so 0x0
D/dalvikvm(  954): Added shared lib libnativehelper.so 0x0
D/dalvikvm(  954): No JNI_OnLoad found in libnativehelper.so 0x0, skipping init
D/dalvikvm(  954): Note: class Landroid/app/ActivityManagerNative; has 179 unimplemented (abstract) methods
D/dalvikvm(  725): GC_CONCURRENT freed 1005K, 15% free 6425K/7528K, paused 2ms+1ms, total 11ms
D/dalvikvm(  725): Trying to load lib /data/app-lib/com.tencent.mm-1/libwechatcommon.so 0x94f81c00
D/dalvikvm(  725): Trying to load lib /data/app-lib/com.tencent.mm-1/libwechatxlog.so 0x94f81c00
D/dalvikvm(  725): Shared lib '/data/app-lib/com.tencent.mm-1/libwechatxlog.so' already loaded in same CL 0x94f81c00
D/dalvikvm(  725): Trying to load lib /data/app-lib/com.tencent.mm-1/libwcdb.so 0x94f81c00
D/dalvikvm(  725): Shared lib '/data/app-lib/com.tencent.mm-1/libwcdb.so' already loaded in same CL 0x94f81c00
D/dalvikvm(  725): Trying to load lib /data/app-lib/com.tencent.mm-1/libstlport_shared.so 0x94f81c00
D/dalvikvm(  725): Shared lib '/data/app-lib/com.tencent.mm-1/libstlport_shared.so' already loaded in same CL 0x94f81c00
E/memtrack(  954): Couldn't load memtrack module (No such file or directory)
E/android.os.Debug(  954): failed to load memtrack module: -2
D/dalvikvm(  725): Added shared lib /data/app-lib/com.tencent.mm-1/libwechatcommon.so 0x94f81c00
D/dalvikvm(  725): Trying to load lib /data/app-lib/com.tencent.mm-1/libwcdb.so 0x94f81c00
D/dalvikvm(  725): Shared lib '/data/app-lib/com.tencent.mm-1/libwcdb.so' already loaded in same CL 0x94f81c00
D/AndroidRuntime(  954): Calling main entry com.android.commands.settings.SettingsCmd
D/AndroidRuntime(  954): Shutting down VM
E/cutils-trace(  954): Error opening trace file: No such file or directory (2)
D/dalvikvm(  954): GC_CONCURRENT freed 95K, 15% free 561K/660K, paused 0ms+0ms, total 1ms
I/AndroidRuntime(  954): NOTE: attach of thread 'Binder_1' failed
D/dalvikvm(  725): Trying to load lib /data/app-lib/com.tencent.mm-1/libtencentloc.so 0x94f81c00
D/dalvikvm(  725): Added shared lib /data/app-lib/com.tencent.mm-1/libtencentloc.so 0x94f81c00
D/dalvikvm(  725): Trying to load lib /data/app-lib/com.tencent.mm-1/libwechatvoicereco.so 0x94f81c00
D/dalvikvm(  725): Added shared lib /data/app-lib/com.tencent.mm-1/libwechatvoicereco.so 0x94f81c00
D/dalvikvm(  725): Trying to load lib /data/app-lib/com.tencent.mm-1/libFFmpeg.so 0x94f81c00
D/dalvikvm(  725): Trying to load lib /data/app-lib/com.tencent.mm-1/libwechatxlog.so 0x94f81c00
D/dalvikvm(  725): Shared lib '/data/app-lib/com.tencent.mm-1/libwechatxlog.so' already loaded in same CL 0x94f81c00
D/dalvikvm(  725): Trying to load lib /data/app-lib/com.tencent.mm-1/libstlport_shared.so 0x94f81c00
D/dalvikvm(  725): Shared lib '/data/app-lib/com.tencent.mm-1/libstlport_shared.so' already loaded in same CL 0x94f81c00
D/dalvikvm(  725): Added shared lib /data/app-lib/com.tencent.mm-1/libFFmpeg.so 0x94f81c00
D/dalvikvm(  725): No JNI_OnLoad found in /data/app-lib/com.tencent.mm-1/libFFmpeg.so 0x94f81c00, skipping init
D/dalvikvm(  725): Trying to load lib /data/app-lib/com.tencent.mm-1/libtxmapengine.so 0x94f81c00
D/dalvikvm(  725): Added shared lib /data/app-lib/com.tencent.mm-1/libtxmapengine.so 0x94f81c00
D/dalvikvm(  725): Trying to load lib /data/app-lib/com.tencent.mm-1/libwechatpack.so 0x94f81c00
D/dalvikvm(  725): Trying to load lib /data/app-lib/com.tencent.mm-1/libwechatxlog.so 0x94f81c00
D/dalvikvm(  725): Shared lib '/data/app-lib/com.tencent.mm-1/libwechatxlog.so' already loaded in same CL 0x94f81c00
D/dalvikvm(  725): Trying to load lib /data/app-lib/com.tencent.mm-1/libstlport_shared.so 0x94f81c00
D/dalvikvm(  725): Shared lib '/data/app-lib/com.tencent.mm-1/libstlport_shared.so' already loaded in same CL 0x94f81c00
D/dalvikvm(  725): Added shared lib /data/app-lib/com.tencent.mm-1/libwechatpack.so 0x94f81c00
D/dalvikvm(  725): No JNI_OnLoad found in /data/app-lib/com.tencent.mm-1/libwechatpack.so 0x94f81c00, skipping init
D/dalvikvm(  725): GC_CONCURRENT freed 963K, 14% free 6585K/7652K, paused 2ms+0ms, total 8ms
D/dalvikvm(  725): Trying to load lib /data/app-lib/com.tencent.mm-1/libwechatsight_v7a.so 0x94f81c00
D/dalvikvm(  725): Trying to load lib /data/app-lib/com.tencent.mm-1/libwechatpack.so 0x94f81c00
D/dalvikvm(  725): Shared lib '/data/app-lib/com.tencent.mm-1/libwechatpack.so' already loaded in same CL 0x94f81c00
D/dalvikvm(  725): Trying to load lib /data/app-lib/com.tencent.mm-1/libFFmpeg.so 0x94f81c00
D/dalvikvm(  725): Shared lib '/data/app-lib/com.tencent.mm-1/libFFmpeg.so' already loaded in same CL 0x94f81c00
D/dalvikvm(  725): Trying to load lib /data/app-lib/com.tencent.mm-1/libwechatxlog.so 0x94f81c00
D/dalvikvm(  725): Shared lib '/data/app-lib/com.tencent.mm-1/libwechatxlog.so' already loaded in same CL 0x94f81c00
D/dalvikvm(  725): Trying to load lib /data/app-lib/com.tencent.mm-1/libstlport_shared.so 0x94f81c00
D/dalvikvm(  725): Shared lib '/data/app-lib/com.tencent.mm-1/libstlport_shared.so' already loaded in same CL 0x94f81c00
D/dalvikvm(  725): Added shared lib /data/app-lib/com.tencent.mm-1/libwechatsight_v7a.so 0x94f81c00
D/dalvikvm(  725): No JNI_OnLoad found in /data/app-lib/com.tencent.mm-1/libwechatsight_v7a.so 0x94f81c00, skipping init
D/dalvikvm(  725): Trying to load lib /data/app-lib/com.tencent.mm-1/libappbrandcommon.so 0x94f81c00
D/dalvikvm(  725): Trying to load lib /data/app-lib/com.tencent.mm-1/libwechatxlog.so 0x94f81c00
D/dalvikvm(  725): Shared lib '/data/app-lib/com.tencent.mm-1/libwechatxlog.so' already loaded in same CL 0x94f81c00
D/dalvikvm(  725): Trying to load lib /data/app-lib/com.tencent.mm-1/libstlport_shared.so 0x94f81c00
D/dalvikvm(  725): Shared lib '/data/app-lib/com.tencent.mm-1/libstlport_shared.so' already loaded in same CL 0x94f81c00
D/dalvikvm(  725): Added shared lib /data/app-lib/com.tencent.mm-1/libappbrandcommon.so 0x94f81c00
D/dalvikvm(  725): No JNI_OnLoad found in /data/app-lib/com.tencent.mm-1/libappbrandcommon.so 0x94f81c00, skipping init
D/dalvikvm(  725): GC_CONCURRENT freed 880K, 13% free 6830K/7808K, paused 0ms+1ms, total 5ms
D/BluetoothManagerService(  276): Message: 20
D/BluetoothManagerService(  276): Added callback: android.bluetooth.IBluetoothManagerCallback$Stub$Proxy@4a8edbc0:true
D/BluetoothAdapter(  725): 1250117872: getState() :  mService = null. Returning STATE_OFF
D/BluetoothAdapter(  725): 1250117872: getState() :  mService = null. Returning STATE_OFF
W/ContextImpl(  674): Calling a method in the system process without a qualified user: android.app.ContextImpl.startService:1492 android.content.ContextWrapper.startService:494 android.content.ContextWrapper.startService:494 com.bignox.app.store.hd.providers.downloads.DownloadReceiver.startService:188 com.bignox.app.store.hd.providers.downloads.DownloadReceiver.onReceive:53 
W/ContextImpl(  429): Calling a method in the system process without a qualified user: android.app.ContextImpl.startService:1492 android.content.ContextWrapper.startService:494 android.content.ContextWrapper.startService:494 com.vphone.launcher.providers.downloads.DownloadReceiver.a:188 com.vphone.launcher.providers.downloads.DownloadReceiver.onReceive:53 
D/Event   (  674): No subscribers registered for event class com.bignox.app.store.hd.providers.downloads.CountEvent
D/Event   (  674): No subscribers registered for event class de.greenrobot.event.NoSubscriberEvent
I/ActivityManager(  276): Start proc com.lemon.lemonban for broadcast com.lemon.lemonban/com.igexin.sdk.PushReceiver: pid=975 uid=10028 gids={50028, 3003, 1028, 1015, 1023, 3002, 3001}
I/dalvikvm(  975): ignoring registerObject request in thread=1
I/dalvikvm(  975): ignoring registerObject request in thread=1
D/dalvikvm(  725): GC_CONCURRENT freed 1044K, 14% free 7109K/8252K, paused 4ms+1ms, total 15ms
I/dalvikvm(  975): Could not find method android.view.ViewGroup.<init>, referenced from method com.scwang.smartrefresh.layout.SmartRefreshLayout.<init>
W/dalvikvm(  975): VFY: unable to resolve direct method 21745: Landroid/view/ViewGroup;.<init> (Landroid/content/Context;Landroid/util/AttributeSet;II)V
D/dalvikvm(  975): VFY: replacing opcode 0x70 at 0x0007
D/dalvikvm(  725): GC_CONCURRENT freed 1193K, 16% free 7271K/8568K, paused 18ms+4ms, total 40ms
D/dalvikvm(  276): GC_EXPLICIT freed 166K, 12% free 5626K/6340K, paused 1ms+4ms, total 17ms
I/ActivityManager(  276): Start proc com.lemon.lemonban:pushservice for service com.lemon.lemonban/.service.LemonPushService: pid=993 uid=10028 gids={50028, 3003, 1028, 1015, 1023, 3002, 3001}
I/ActivityManager(  276): Delay finish: com.android.providers.calendar/.CalendarProviderBroadcastReceiver
I/dalvikvm(  993): ignoring registerObject request in thread=1
I/dalvikvm(  993): ignoring registerObject request in thread=1
I/dalvikvm(  993): Could not find method android.view.ViewGroup.<init>, referenced from method com.scwang.smartrefresh.layout.SmartRefreshLayout.<init>
W/dalvikvm(  993): VFY: unable to resolve direct method 21745: Landroid/view/ViewGroup;.<init> (Landroid/content/Context;Landroid/util/AttributeSet;II)V
D/dalvikvm(  993): VFY: replacing opcode 0x70 at 0x0007
D/BluetoothAdapter(  403): 1249660704: getState() :  mService = null. Returning STATE_OFF
I/Process (  993): Sending signal. PID: 993 SIG: 9
I/ActivityManager(  276): Resuming delayed broadcast
I/ActivityManager(  276): Process com.lemon.lemonban:pushservice (pid 993) has died.
D/SettingsProvider(  276): User 0 external modification to /data/data/com.android.providers.settings/databases/settings.db; event=8
D/SettingsProvider(  276): User 0 updating our caches for /data/data/com.android.providers.settings/databases/settings.db
W/SocketClient(  163): write error (Broken pipe)
W/SocketClient(  163): write error (Broken pipe)
W/SocketClient(  163): write error (Broken pipe)
D/AndroidRuntime( 1020): 
D/AndroidRuntime( 1020): >>>>>> AndroidRuntime START com.android.internal.os.RuntimeInit <<<<<<
D/CaptivePortalTracker(  276): DelayedCaptiveCheckState{ when=-8ms what=2 arg1=1 target=com.android.internal.util.StateMachine$SmHandler }
D/ConnectivityService(  276): setProvNotificationVisible: E visible=false networkType=1 extraInfo=null url=null
D/CaptivePortalTracker(  276): Don't send network conditions - lacking user consent.
D/CaptivePortalTracker(  276): Not captive network NetworkInfo: type: WIFI[], state: CONNECTED/CONNECTED, reason: (unspecified), extra: "AndroidAP", roaming: false, failover: false, isAvailable: true, isConnectedToProvisioningNetwork: false
D/CaptivePortalTracker(  276): notifyPortalCheckCompleted: captive=false ni=NetworkInfo: type: WIFI[], state: CONNECTED/CONNECTED, reason: (unspecified), extra: "AndroidAP", roaming: false, failover: false, isAvailable: true, isConnectedToProvisioningNetwork: false
D/ConnectivityService(  276): captivePortalCheckCompleted: ni=NetworkInfo: type: WIFI[], state: CONNECTED/CONNECTED, reason: (unspecified), extra: "AndroidAP", roaming: false, failover: false, isAvailable: true, isConnectedToProvisioningNetwork: false captive=false
D/AndroidRuntime( 1020): CheckJNI is OFF
D/dalvikvm( 1020): Using executionMode 2
D/dalvikvm( 1020): Trying to load lib libjavacore.so 0x0
D/dalvikvm( 1020): Added shared lib libjavacore.so 0x0
D/dalvikvm( 1020): Trying to load lib libnativehelper.so 0x0
D/dalvikvm( 1020): Added shared lib libnativehelper.so 0x0
D/dalvikvm( 1020): No JNI_OnLoad found in libnativehelper.so 0x0, skipping init
D/dalvikvm( 1020): Note: class Landroid/app/ActivityManagerNative; has 179 unimplemented (abstract) methods
E/memtrack( 1020): Couldn't load memtrack module (No such file or directory)
E/android.os.Debug( 1020): failed to load memtrack module: -2
D/AndroidRuntime( 1020): Calling main entry com.android.commands.pm.Pm
D/AndroidRuntime( 1020): Shutting down VM
E/cutils-trace( 1020): Error opening trace file: No such file or directory (2)
D/dalvikvm( 1020): GC_CONCURRENT freed 150K, 22% free 567K/720K, paused 0ms+0ms, total 1ms
W/ViewPager(  429): Requested offscreen page limit 0 too small; defaulting to 1
I/ActivityManager(  276): Waited long enough for: ServiceRecord{4a92442c u0 com.bignox.app.store.hd/.services.StoreService}
W/EGL_emulation(  330): eglSurfaceAttrib not implemented 3093 12436
I/ActivityManager(  276): Start proc com.tencent.mm:push for service com.tencent.mm/.booter.CoreService: pid=1033 uid=10027 gids={50027, 3003, 1028, 1015, 1023, 3002, 3001}
I/dalvikvm( 1033): ignoring registerObject request in thread=1
I/dalvikvm( 1033): ignoring registerObject request in thread=1
I/dalvikvm( 1033): Could not find method android.app.ActivityManager.getAppTasks, referenced from method com.tencent.mm.sdk.platformtools.bi.fX
W/dalvikvm( 1033): VFY: unable to resolve virtual method 90: Landroid/app/ActivityManager;.getAppTasks ()Ljava/util/List;
D/dalvikvm( 1033): VFY: replacing opcode 0x6e at 0x0011
D/dalvikvm( 1033): DexOpt: couldn't find field Landroid/app/ActivityManager$RecentTaskInfo;.topActivity
I/dalvikvm( 1033): DexOpt: unable to optimize instance field ref 0x0004 at 0x35 in Lcom/tencent/mm/sdk/platformtools/bi;.fX
D/dalvikvm( 1033): Trying to load lib /data/app-lib/com.tencent.mm-1/libstlport_shared.so 0x94f7fa98
D/houdini ( 1033): [1033] Loading library(version: 4.0.8.45720 RELEASE)... successfully.
D/dalvikvm( 1033): Added shared lib /data/app-lib/com.tencent.mm-1/libstlport_shared.so 0x94f7fa98
D/dalvikvm( 1033): No JNI_OnLoad found in /data/app-lib/com.tencent.mm-1/libstlport_shared.so 0x94f7fa98, skipping init
D/dalvikvm( 1033): Trying to load lib /data/app-lib/com.tencent.mm-1/libc++_shared.so 0x94f7fa98
D/dalvikvm( 1033): Added shared lib /data/app-lib/com.tencent.mm-1/libc++_shared.so 0x94f7fa98
D/dalvikvm( 1033): No JNI_OnLoad found in /data/app-lib/com.tencent.mm-1/libc++_shared.so 0x94f7fa98, skipping init
D/dalvikvm( 1033): Trying to load lib /data/app-lib/com.tencent.mm-1/libwechatxlog.so 0x94f7fa98
D/dalvikvm( 1033): Trying to load lib /data/app-lib/com.tencent.mm-1/libc++_shared.so 0x94f7fa98
D/dalvikvm( 1033): Shared lib '/data/app-lib/com.tencent.mm-1/libc++_shared.so' already loaded in same CL 0x94f7fa98
D/dalvikvm( 1033): Added shared lib /data/app-lib/com.tencent.mm-1/libwechatxlog.so 0x94f7fa98
E/ActivityThread( 1033): Failed to find provider info for com.tencent.mm.coolassist.debugprovider
W/dalvikvm( 1033): VFY: unable to resolve static field 3326 (ENOSPC) in Landroid/system/OsConstants;
D/dalvikvm( 1033): VFY: replacing opcode 0x60 at 0x007d
D/dalvikvm( 1033): JIT code cache reset in 0 ms (0 bytes 1/0)
D/dalvikvm( 1033): GC_CONCURRENT freed 304K, 13% free 2955K/3360K, paused 1ms+0ms, total 3ms
D/dalvikvm( 1033): GC_FOR_ALLOC freed 150K, 14% free 2986K/3464K, paused 2ms, total 2ms
D/dalvikvm( 1033): GC_FOR_ALLOC freed 211K, 17% free 2987K/3568K, paused 2ms, total 3ms
D/dalvikvm( 1033): GC_FOR_ALLOC freed 212K, 17% free 2987K/3568K, paused 1ms, total 1ms
D/dalvikvm( 1033): GC_FOR_ALLOC freed 226K, 17% free 2989K/3568K, paused 2ms, total 2ms
D/dalvikvm( 1033): GC_FOR_ALLOC freed 222K, 17% free 2989K/3568K, paused 2ms, total 2ms
D/dalvikvm( 1033): GC_FOR_ALLOC freed 222K, 17% free 2989K/3568K, paused 2ms, total 2ms
D/dalvikvm( 1033): GC_CONCURRENT freed 303K, 14% free 3087K/3568K, paused 2ms+1ms, total 5ms
D/dalvikvm( 1033): GC_CONCURRENT freed 205K, 11% free 3296K/3668K, paused 3ms+0ms, total 6ms
D/dalvikvm( 1033): WAIT_FOR_CONCURRENT_GC blocked 3ms
D/dalvikvm( 1033): GC_CONCURRENT freed 174K, 8% free 3585K/3860K, paused 4ms+0ms, total 7ms
D/dalvikvm( 1033): GC_CONCURRENT freed 308K, 10% free 3689K/4096K, paused 0ms+3ms, total 8ms
D/dalvikvm( 1033): GC_CONCURRENT freed 338K, 11% free 3793K/4232K, paused 1ms+0ms, total 5ms
D/dalvikvm( 1033): GC_CONCURRENT freed 160K, 6% free 4023K/4280K, paused 2ms+4ms, total 10ms
D/dalvikvm( 1033): Trying to load lib /data/app-lib/com.tencent.mm-1/libwechatnetwork.so 0x94f7fa98
D/dalvikvm( 1033): Trying to load lib /data/app-lib/com.tencent.mm-1/libwechatxlog.so 0x94f7fa98
D/dalvikvm( 1033): Shared lib '/data/app-lib/com.tencent.mm-1/libwechatxlog.so' already loaded in same CL 0x94f7fa98
D/dalvikvm( 1033): Trying to load lib /data/app-lib/com.tencent.mm-1/libc++_shared.so 0x94f7fa98
D/dalvikvm( 1033): Shared lib '/data/app-lib/com.tencent.mm-1/libc++_shared.so' already loaded in same CL 0x94f7fa98
D/dalvikvm( 1033): Added shared lib /data/app-lib/com.tencent.mm-1/libwechatnetwork.so 0x94f7fa98
D/dalvikvm( 1033): GC_CONCURRENT freed 226K, 8% free 4214K/4532K, paused 3ms+2ms, total 9ms
D/dalvikvm( 1033): Trying to load lib /data/app-lib/com.tencent.mm-1/libSqliteLint-lib.so 0x94f7fa98
I/dalvikvm( 1033): Could not find method android.content.res.Resources.getDrawable, referenced from method com.tencent.mm.bq.a.getDrawable
W/dalvikvm( 1033): VFY: unable to resolve virtual method 436: Landroid/content/res/Resources;.getDrawable (ILandroid/content/res/Resources$Theme;)Landroid/graphics/drawable/Drawable;
D/dalvikvm( 1033): VFY: replacing opcode 0x6f at 0x000d
I/dalvikvm( 1033): Could not find method android.content.res.Resources.getDrawableForDensity, referenced from method com.tencent.mm.bq.a.getDrawableForDensity
W/dalvikvm( 1033): VFY: unable to resolve virtual method 438: Landroid/content/res/Resources;.getDrawableForDensity (IILandroid/content/res/Resources$Theme;)Landroid/graphics/drawable/Drawable;
D/dalvikvm( 1033): VFY: replacing opcode 0x6f at 0x000d
D/dalvikvm( 1033): Added shared lib /data/app-lib/com.tencent.mm-1/libSqliteLint-lib.so 0x94f7fa98
D/dalvikvm( 1033): GC_CONCURRENT freed 329K, 10% free 4305K/4732K, paused 2ms+1ms, total 10ms
D/dalvikvm( 1033): Trying to load lib /data/app-lib/com.tencent.mm-1/libMMProtocalJni.so 0x94f7fa98
D/dalvikvm( 1033): Trying to load lib /data/app-lib/com.tencent.mm-1/libwechatxlog.so 0x94f7fa98
D/dalvikvm( 1033): Shared lib '/data/app-lib/com.tencent.mm-1/libwechatxlog.so' already loaded in same CL 0x94f7fa98
D/dalvikvm( 1033): Trying to load lib /data/app-lib/com.tencent.mm-1/libstlport_shared.so 0x94f7fa98
D/dalvikvm( 1033): Shared lib '/data/app-lib/com.tencent.mm-1/libstlport_shared.so' already loaded in same CL 0x94f7fa98
D/dalvikvm( 1033): Added shared lib /data/app-lib/com.tencent.mm-1/libMMProtocalJni.so 0x94f7fa98
D/dalvikvm( 1033): No JNI_OnLoad found in /data/app-lib/com.tencent.mm-1/libMMProtocalJni.so 0x94f7fa98, skipping init
D/dalvikvm( 1033): Trying to load lib /data/app-lib/com.tencent.mm-1/libappbrandcommon.so 0x94f7fa98
D/dalvikvm( 1033): Trying to load lib /data/app-lib/com.tencent.mm-1/libwechatxlog.so 0x94f7fa98
D/dalvikvm( 1033): Shared lib '/data/app-lib/com.tencent.mm-1/libwechatxlog.so' already loaded in same CL 0x94f7fa98
D/dalvikvm( 1033): Trying to load lib /data/app-lib/com.tencent.mm-1/libstlport_shared.so 0x94f7fa98
D/dalvikvm( 1033): Shared lib '/data/app-lib/com.tencent.mm-1/libstlport_shared.so' already loaded in same CL 0x94f7fa98
D/dalvikvm( 1033): Added shared lib /data/app-lib/com.tencent.mm-1/libappbrandcommon.so 0x94f7fa98
D/dalvikvm( 1033): No JNI_OnLoad found in /data/app-lib/com.tencent.mm-1/libappbrandcommon.so 0x94f7fa98, skipping init
D/dalvikvm( 1033): GC_CONCURRENT freed 405K, 11% free 4346K/4848K, paused 1ms+2ms, total 6ms
D/dalvikvm( 1033): GC_CONCURRENT freed 311K, 9% free 4469K/4880K, paused 1ms+1ms, total 4ms
D/dalvikvm( 1033): GC_CONCURRENT freed 406K, 11% free 4511K/5016K, paused 1ms+0ms, total 4ms
D/dalvikvm( 1033): GC_CONCURRENT freed 391K, 10% free 4622K/5112K, paused 1ms+2ms, total 5ms
D/dalvikvm( 1033): GC_CONCURRENT freed 442K, 11% free 4698K/5236K, paused 0ms+1ms, total 7ms
D/dalvikvm( 1033): GC_CONCURRENT freed 402K, 11% free 4808K/5392K, paused 2ms+1ms, total 6ms
I/dalvikvm( 1033): Could not find method android.app.ActivityManager.getAppTasks, referenced from method com.tencent.mm.sdk.platformtools.l.bQ
W/dalvikvm( 1033): VFY: unable to resolve virtual method 90: Landroid/app/ActivityManager;.getAppTasks ()Ljava/util/List;
D/dalvikvm( 1033): VFY: replacing opcode 0x6e at 0x001b
I/dalvikvm( 1033): Could not find method android.os.PowerManager.isInteractive, referenced from method com.tencent.mm.sdk.platformtools.l.fs
W/dalvikvm( 1033): VFY: unable to resolve virtual method 1236: Landroid/os/PowerManager;.isInteractive ()Z
D/dalvikvm( 1033): VFY: replacing opcode 0x6e at 0x0010
D/dalvikvm( 1033): DexOpt: couldn't find field Landroid/app/ActivityManager$RecentTaskInfo;.topActivity
I/dalvikvm( 1033): DexOpt: unable to optimize instance field ref 0x0004 at 0x3f in Lcom/tencent/mm/sdk/platformtools/l;.bQ
D/dalvikvm( 1033): threadid=26: thread exiting, not yet detached (count=0)
D/dalvikvm( 1033): threadid=26: thread exiting, not yet detached (count=0)
D/dalvikvm( 1033): threadid=24: thread exiting, not yet detached (count=0)
D/dalvikvm( 1033): threadid=24: thread exiting, not yet detached (count=0)
D/dalvikvm( 1033): threadid=25: thread exiting, not yet detached (count=0)
D/dalvikvm( 1033): threadid=25: thread exiting, not yet detached (count=0)
D/dalvikvm( 1033): threadid=27: thread exiting, not yet detached (count=0)
D/dalvikvm( 1033): threadid=25: thread exiting, not yet detached (count=0)
D/dalvikvm( 1033): threadid=25: thread exiting, not yet detached (count=0)
D/dalvikvm(  725): GC_CONCURRENT freed 1135K, 15% free 7607K/8848K, paused 0ms+0ms, total 7ms
D/dalvikvm(  725): WAIT_FOR_CONCURRENT_GC blocked 4ms
D/SettingsProvider(  276): User 0 external modification to /data/data/com.android.providers.settings/databases/settings.db; event=8
D/SettingsProvider(  276): User 0 updating our caches for /data/data/com.android.providers.settings/databases/settings.db
W/SocketClient(  163): write error (Broken pipe)
W/SocketClient(  163): write error (Broken pipe)
W/SocketClient(  163): write error (Broken pipe)
D/SettingsProvider(  276): User 0 external modification to /data/data/com.android.providers.settings/databases/settings.db; event=8
D/SettingsProvider(  276): User 0 updating our caches for /data/data/com.android.providers.settings/databases/settings.db
W/SocketClient(  163): write error (Broken pipe)
W/SocketClient(  163): write error (Broken pipe)
W/SocketClient(  163): write error (Broken pipe)
D/ConnectivityService(  276): Sampling interval elapsed, updating statistics ..
D/ConnectivityService(  276): Done.
D/ConnectivityService(  276): Setting timer for 720seconds
D/SettingsProvider(  276): User 0 external modification to /data/data/com.android.providers.settings/databases/settings.db; event=8
D/SettingsProvider(  276): User 0 updating our caches for /data/data/com.android.providers.settings/databases/settings.db
W/SocketClient(  163): write error (Broken pipe)
W/SocketClient(  163): write error (Broken pipe)
W/SocketClient(  163): write error (Broken pipe)
D/SettingsProvider(  276): User 0 external modification to /data/data/com.android.providers.settings/databases/settings.db; event=8
D/SettingsProvider(  276): User 0 updating our caches for /data/data/com.android.providers.settings/databases/settings.db
W/SocketClient(  163): write error (Broken pipe)
W/SocketClient(  163): write error (Broken pipe)
W/SocketClient(  163): write error (Broken pipe)
D/SettingsProvider(  276): User 0 external modification to /data/data/com.android.providers.settings/databases/settings.db; event=8
D/SettingsProvider(  276): User 0 updating our caches for /data/data/com.android.providers.settings/databases/settings.db
W/SocketClient(  163): write error (Broken pipe)
W/SocketClient(  163): write error (Broken pipe)
W/SocketClient(  163): write error (Broken pipe)
D/dalvikvm(  276): GC_CONCURRENT freed 519K, 10% free 5679K/6304K, paused 1ms+1ms, total 11ms
I/dalvikvm(  725): Could not find method android.app.ActivityManager.getAppTasks, referenced from method com.tencent.mm.sdk.platformtools.l.bQ
W/dalvikvm(  725): VFY: unable to resolve virtual method 90: Landroid/app/ActivityManager;.getAppTasks ()Ljava/util/List;
D/dalvikvm(  725): VFY: replacing opcode 0x6e at 0x001b
I/dalvikvm(  725): Could not find method android.os.PowerManager.isInteractive, referenced from method com.tencent.mm.sdk.platformtools.l.fs
W/dalvikvm(  725): VFY: unable to resolve virtual method 1236: Landroid/os/PowerManager;.isInteractive ()Z
D/dalvikvm(  725): VFY: replacing opcode 0x6e at 0x0010
D/dalvikvm(  725): DexOpt: couldn't find field Landroid/app/ActivityManager$RecentTaskInfo;.topActivity
I/dalvikvm(  725): DexOpt: unable to optimize instance field ref 0x0004 at 0x3f in Lcom/tencent/mm/sdk/platformtools/l;.bQ
