W/PackageManager(  276): Unknown permission net.qihoo.launcher.permission.READ_SETTINGS in package com.tencent.mtt.x86
W/PackageManager(  276): Unknown permission net.qihoo.launcher.permission.WRITE_SETTINGS in package com.tencent.mtt.x86
W/PackageManager(  276): Unknown permission com.dianxinos.dxhome.permission.READ_SETTINGS in package com.tencent.mtt.x86
W/PackageManager(  276): Unknown permission com.dianxinos.dxhome.permission.WRITE_SETTINGS in package com.tencent.mtt.x86
W/PackageManager(  276): Unknown permission com.huawei.android.launcher.permission.READ_SETTINGS in package com.tencent.mtt.x86
W/PackageManager(  276): Unknown permission com.huawei.android.launcher.permission.WRITE_SETTINGS in package com.tencent.mtt.x86
W/PackageManager(  276): Unknown permission com.qihoo360.launcher.permission.READ_SETTINGS in package com.tencent.mtt.x86
W/PackageManager(  276): Unknown permission com.qihoo360.launcher.permission.WRITE_SETTINGS in package com.tencent.mtt.x86
W/PackageManager(  276): Unknown permission com.oppo.launcher.permission.READ_SETTINGS in package com.tencent.mtt.x86
W/PackageManager(  276): Unknown permission com.oppo.launcher.permission.WRITE_SETTINGS in package com.tencent.mtt.x86
W/PackageManager(  276): Unknown permission com.ztemt.launcher.permission.READ_SETTINGS in package com.tencent.mtt.x86
W/PackageManager(  276): Unknown permission com.ztemt.launcher.permission.WRITE_SETTINGS in package com.tencent.mtt.x86
W/PackageManager(  276): Unknown permission com.lenovo.launcher.permission.READ_SETTINGS in package com.tencent.mtt.x86
W/PackageManager(  276): Unknown permission com.lenovo.launcher.permission.WRITE_SETTINGS in package com.tencent.mtt.x86
W/PackageManager(  276): Unknown permission com.android.launcher3.permission.READ_SETTINGS in package com.tencent.mtt.x86
W/PackageManager(  276): Unknown permission com.android.launcher3.permission.WRITE_SETTINGS in package com.tencent.mtt.x86
W/PackageManager(  276): Unknown permission com.moxiu.launcher.permission.READ_SETTINGS in package com.tencent.mtt.x86
W/PackageManager(  276): Unknown permission com.moxiu.launcher.permission.WRITE_SETTINGS in package com.tencent.mtt.x86
W/PackageManager(  276): Unknown permission com.iLoong.permission.READ_SETTINGS in package com.tencent.mtt.x86
W/PackageManager(  276): Unknown permission com.iLoong.permission.WRITE_SETTINGS in package com.tencent.mtt.x86
W/PackageManager(  276): Unknown permission telecom.mdesk.permission.READ_SETTINGS in package com.tencent.mtt.x86
W/PackageManager(  276): Unknown permission telecom.mdesk.permission.WRITE_SETTINGS in package com.tencent.mtt.x86
W/PackageManager(  276): Unknown permission com.tencent.tmsecurelite.permission.ACCESS_SERVICE in package com.tencent.mtt.x86
W/PackageManager(  276): Not granting permission android.permission.BIND_ACCESSIBILITY_SERVICE to package com.tencent.mtt.x86 (protectionLevel=2 flags=0x183e44)
W/PackageManager(  276): Unknown permission com.android.ContactWidget.permission.READ_SETTINGS in package com.tencent.mtt.x86
W/PackageManager(  276): Unknown permission com.android.ContactWidget.permission.WRITE_SETTINGS in package com.tencent.mtt.x86
W/PackageManager(  276): Not granting permission android.permission.INTERACT_ACROSS_USERS to package com.tencent.mtt.x86 (protectionLevel=50 flags=0x183e44)
W/PackageManager(  276): Not granting permission android.permission.INTERACT_ACROSS_USERS_FULL to package com.tencent.mtt.x86 (protectionLevel=2 flags=0x183e44)
W/PackageManager(  276): Not granting permission android.permission.MOUNT_UNMOUNT_FILESYSTEMS to package com.tencent.mtt.x86 (protectionLevel=18 flags=0x183e44)
W/PackageManager(  276): Unknown permission com.lenovo.launcher.permission.BADGE_READ in package com.tencent.mtt.x86
W/PackageManager(  276): Unknown permission com.lenovo.launcher.permission.BADGE_WRITE in package com.tencent.mtt.x86
W/PackageManager(  276): Unknown permission com.huawei.android.launcher.permission.CHANGE_BADGE in package com.tencent.mtt.x86
W/PackageManager(  276): Unknown permission com.android.smspush.WAPPUSH_MANAGER_BIND in package com.android.phone
W/PackageManager(  276): Unknown permission com.google.android.googleapps.permission.GOOGLE_AUTH in package com.android.providers.calendar
W/PackageManager(  276): Unknown permission com.google.android.googleapps.permission.GOOGLE_AUTH.cl in package com.android.providers.calendar
W/PackageManager(  276): Unknown permission com.android.launcher.permission.READ_SETTINGS in package com.android.onetimeinitializer
W/PackageManager(  276): Unknown permission com.android.launcher.permission.WRITE_SETTINGS in package com.android.onetimeinitializer
W/PackageManager(  276): Unknown permission com.cyanogenmod.filemanager.permissions.READ_THEME in package com.cyanogenmod.filemanager
W/PackageManager(  276): Not granting permission android.permission.MOUNT_UNMOUNT_FILESYSTEMS to package com.lemon.lemonban (protectionLevel=18 flags=0x248be44)
W/PackageManager(  276): Unknown permission com.android.launcher.permission.READ_SETTINGS in package com.bignox.app.store.hd
W/PackageManager(  276): Unknown permission com.android.launcher.permission.WRITE_SETTINGS in package com.bignox.app.store.hd
D/dalvikvm(  276): GC_CONCURRENT freed 363K, 10% free 4428K/4888K, paused 2ms+1ms, total 6ms
D/dalvikvm(  276): WAIT_FOR_CONCURRENT_GC blocked 1ms
D/dalvikvm(  276): GC_EXPLICIT freed 56K, 11% free 4371K/4888K, paused 0ms+1ms, total 4ms
I/SystemServer(  276): Entropy Mixer
I/EntropyMixer(  276): Writing entropy...
I/SystemServer(  276): User Service
I/SystemServer(  276): Account Manager
I/SystemServer(  276): Content Manager
I/SystemServer(  276): System Content Providers
W/SettingsProvider(  276): set ANDROID_ID from persist.nox.androidid
I/SystemServer(  276): Lights Service
I/SystemServer(  276): Battery Service
I/SystemServer(  276): Vibrator Service
E/ConsumerIrService(  276): Can't open consumer IR HW Module, error: -2
W/libsuspend(  276): Error writing 'on' to /sys/power/state: Invalid argument
E/libsuspend(  276): Error opening /sys/power/autosleep: No such file or directory
E/libsuspend(  276): Error opening /sys/power/wakeup_count: Permission denied
E/libsuspend(  276): failed to initialize autosuspend
D/PermissionCache(  167): checking android.permission.ACCESS_SURFACE_FLINGER for uid=1000 => granted (119 us)
D/SurfaceFlinger(  167): Screen acquired, type=0 flinger=0xb79e9820
D/SurfaceFlinger(  167):  screen was previously acquired
D/AlarmManagerService(  276): Kernel timezone updated to -480 minutes west of GMT
I/SystemServer(  276): Consumer IR Service
I/SystemServer(  276): Alarm Manager
I/SystemServer(  276): Init Watchdog
I/SystemServer(  276): Input Manager
I/InputManager(  276): Initializing input manager, mUseDevInputEventForAudioJack=false
D/dalvikvm(  276): GC_CONCURRENT freed 238K, 8% free 4530K/4888K, paused 0ms+0ms, total 5ms
I/SystemServer(  276): Window Manager
I/WindowManager(  276): No existing display settings /data/system/display_settings.xml; starting empty
I/WindowManager(  276): No keyguard interface!
D/BluetoothManagerService(  276): Loading stored name and address
D/BluetoothManagerService(  276): Stored bluetooth Name=null,Address=null
D/EventHub(  276): No input device configuration file found for device 'seamless mouse'.
I/EventHub(  276): New device: id=1, fd=86, path='/dev/input/event9', name='seamless mouse', classes=0x4, configuration='', keyLayout='', keyCharacterMap='', builtinKeyboard=false, usingSuspendBlockIoctl=true, usingClockIoctl=true
E/EventHub(  276): could not get driver version for /dev/input/mouse4, Not a typewriter
I/InputManager(  276): Starting input manager
I/SystemServer(  276): Bluetooth Manager Service
I/SystemServer(  276): Input Method Service
W/InputMethodManagerService(  276): Couldn't create dir.: /data/system/inputmethod
D/EventHub(  276): No input device configuration file found for device 'mouse'.
I/EventHub(  276): New device: id=2, fd=87, path='/dev/input/event8', name='mouse', classes=0x8, configuration='', keyLayout='', keyCharacterMap='', builtinKeyboard=false, usingSuspendBlockIoctl=true, usingClockIoctl=true
E/EventHub(  276): could not get driver version for /dev/input/mouse3, Not a typewriter
I/SystemServer(  276): Accessibility Manager
I/ActivityManager(  276): Config changes=1dfb {1.0 460mcc7mnc zh_CN ldltr sw480dp w853dp h480dp 240dpi lrg long land ?uimode ?night -touch -keyb/v/h -nav/h s.2}
D/SurfaceFlinger(  167): setOrientation, mFbdev=0xb79ebde0, mFbDev->setOrientation=0xb6980ce0, orientation=0
I/gralloc_nox(  167): setOrientation: orientation=0
W/EventHub(  276): Unable to disable kernel key repeat for /dev/input/event7: Function not implemented
I/EventHub(  276): Virtual keyboard mode is |0] [0]
I/EventHub(  276): Vrtual keyboard is set to Hardware mode
I/EventHub(  276): New device: id=3, fd=88, path='/dev/input/event7', name='Android Input', classes=0x37, configuration='/system/usr/idc/Android_Input.idc', keyLayout='/system/usr/keylayout/Android_Input.kl', keyCharacterMap='/system/usr/keychars/Generic.kcm', builtinKeyboard=false, usingSuspendBlockIoctl=true, usingClockIoctl=true
E/EventHub(  276): could not get driver version for /dev/input/mouse2, Not a typewriter
I/ActivityManager(  276): Config changes=400 {1.0 460mcc7mnc zh_CN ldltr sw480dp w853dp h454dp 240dpi lrg long land ?uimode ?night -touch -keyb/v/h -nav/h s.3}
I/SystemServer(  276): Mount Service
D/MountService(  276): got storage path: /mnt/sdcard description: SD  primary: true removable: false emulated: true mtpReserve: 100 allowMassStorage: false maxFileSize: 0
D/MountService(  276): addVolumeLocked() StorageVolume:
D/MountService(  276):     mStorageId=65537 mPath=/storage/emulated/0 mDescriptionId=17040662 
D/MountService(  276):     mPrimary=true mRemovable=false mEmulated=true mMtpReserveSpace=100 
D/MountService(  276):     mAllowMassStorage=false mMaxFileSize=0 mOwner=UserHandle{0} mUuid=null 
D/MountService(  276):     mUserLabel=null mState=null 
I/SystemServer(  276): LockSettingsService
I/SystemServer(  276): Device Policy
I/SystemServer(  276): Status Bar
I/SystemServer(  276): Clipboard Service
I/SystemServer(  276): NetworkManagement Service
D/EventHub(  276): No input device configuration file found for device 'gpio-keys'.
I/PackageManager(  276): No secure containers on sdcard
I/SystemServer(  276): Text Service Manager Service
W/TextServicesManagerService(  276): no available spell checker services found
I/SystemServer(  276): NetworkStats Service
I/SystemServer(  276): NetworkPolicy Service
W/PackageManager(  276): Unknown permission com.huawei.authentication.HW_ACCESS_AUTH_SERVICE in package com.tencent.mm
W/PackageManager(  276): Unknown permission com.android.launcher.permission.READ_SETTINGS in package com.tencent.mm
W/PackageManager(  276): Unknown permission com.tencent.mm.location.permission.SEND_VIEW in package com.tencent.mm
W/PackageManager(  276): Unknown permission com.huawei.android.launcher.permission.CHANGE_BADGE in package com.tencent.mm
W/PackageManager(  276): Unknown permission android.permission.WRITE_APP_BADGE in package com.tencent.mm
W/PackageManager(  276): Unknown permission android.permission.REQUEST_IGNORE_BATTERY_OPTIMIZATIONS in package com.tencent.mm
W/PackageManager(  276): Unknown permission android.permission.BODY_SENSORS in package com.tencent.mm
W/PackageManager(  276): Unknown permission com.google.android.c2dm.permission.RECEIVE in package com.tencent.mm
W/PackageManager(  276): Unknown permission com.android.vending.BILLING in package com.tencent.mm
W/PackageManager(  276): Unknown permission android.permission.USE_FINGERPRINT in package com.tencent.mm
W/PackageManager(  276): Unknown permission com.google.android.googleapps.permission.GOOGLE_AUTH in package com.android.settings
W/PackageManager(  276): Unknown permission com.android.launcher.permission.READ_SETTINGS in package com.android.settings
W/PackageManager(  276): Unknown permission com.android.launcher.permission.WRITE_SETTINGS in package com.android.settings
W/PackageManager(  276): Unknown permission com.android.launcher.permission.READ_SETTINGS in package com.tencent.mtt.x86
W/PackageManager(  276): Unknown permission com.android.launcher.permission.WRITE_SETTINGS in package com.tencent.mtt.x86
W/PackageManager(  276): Unknown permission com.google.android.launcher.permission.READ_SETTINGS in package com.tencent.mtt.x86
W/PackageManager(  276): Unknown permission com.google.android.launcher.permission.WRITE_SETTINGS in package com.tencent.mtt.x86
W/PackageManager(  276): Unknown permission com.htc.launcher.permission.READ_SETTINGS in package com.tencent.mtt.x86
W/PackageManager(  276): Unknown permission com.htc.launcher.permission.WRITE_SETTINGS in package com.tencent.mtt.x86
W/PackageManager(  276): Unknown permission com.nd.android.launcher.permission.READ_SETTINGS in package com.tencent.mtt.x86
W/PackageManager(  276): Unknown permission com.nd.android.launcher.permission.WRITE_SETTINGS in package com.tencent.mtt.x86
W/PackageManager(  276): Unknown permission com.lge.launcher.permission.READ_SETTINGS in package com.tencent.mtt.x86
W/PackageManager(  276): Unknown permission com.lge.launcher.permission.WRITE_SETTINGS in package com.tencent.mtt.x86
W/PackageManager(  276): Unknown permission com.fede.launcher.permission.READ_SETTINGS in package com.tencent.mtt.x86
W/PackageManager(  276): Unknown permission com.fede.launcher.permission.WRITE_SETTINGS in package com.tencent.mtt.x86
W/PackageManager(  276): Unknown permission org.adw.launcher.permission.READ_SETTINGS in package com.tencent.mtt.x86
W/PackageManager(  276): Unknown permission org.adw.launcher.permission.WRITE_SETTINGS in package com.tencent.mtt.x86
W/PackageManager(  276): Unknown permission org.adwfreak.launcher.permission.READ_SETTINGS in package com.tencent.mtt.x86
W/PackageManager(  276): Unknown permission org.adwfreak.launcher.permission.WRITE_SETTINGS in package com.tencent.mtt.x86
W/PackageManager(  276): Unknown permission org.adw.launcher_donut.permission.READ_SETTINGS in package com.tencent.mtt.x86
W/PackageManager(  276): Unknown permission org.adw.launcher_donut.permission.WRITE_SETTINGS in package com.tencent.mtt.x86
W/PackageManager(  276): Unknown permission com.tencent.qqlauncher.permission.READ_SETTINGS in package com.tencent.mtt.x86
W/PackageManager(  276): Unknown permission com.tencent.qqlauncher.permission.WRITE_SETTINGS in package com.tencent.mtt.x86
W/PackageManager(  276): Unknown permission com.android.mylauncher.permission.READ_SETTINGS in package com.tencent.mtt.x86
W/PackageManager(  276): Unknown permission com.android.mylauncher.permission.WRITE_SETTINGS in package com.tencent.mtt.x86
W/PackageManager(  276): Unknown permission com.huawei.launcher2.permission.READ_SETTINGS in package com.tencent.mtt.x86
W/PackageManager(  276): Unknown permission com.huawei.launcher2.permission.WRITE_SETTINGS in package com.tencent.mtt.x86
W/PackageManager(  276): Unknown permission com.huawei.launcher3.permission.READ_SETTINGS in package com.tencent.mtt.x86
W/PackageManager(  276): Unknown permission com.huawei.launcher3.permission.WRITE_SETTINGS in package com.tencent.mtt.x86
W/PackageManager(  276): Unknown permission net.qihoo.launcher.permission.READ_SETTINGS in package com.tencent.mtt.x86
W/PackageManager(  276): Unknown permission net.qihoo.launcher.permission.WRITE_SETTINGS in package com.tencent.mtt.x86
W/PackageManager(  276): Unknown permission com.dianxinos.dxhome.permission.READ_SETTINGS in package com.tencent.mtt.x86
W/PackageManager(  276): Unknown permission com.dianxinos.dxhome.permission.WRITE_SETTINGS in package com.tencent.mtt.x86
W/PackageManager(  276): Unknown permission com.huawei.android.launcher.permission.READ_SETTINGS in package com.tencent.mtt.x86
W/PackageManager(  276): Unknown permission com.huawei.android.launcher.permission.WRITE_SETTINGS in package com.tencent.mtt.x86
W/PackageManager(  276): Unknown permission com.qihoo360.launcher.permission.READ_SETTINGS in package com.tencent.mtt.x86
W/PackageManager(  276): Unknown permission com.qihoo360.launcher.permission.WRITE_SETTINGS in package com.tencent.mtt.x86
W/PackageManager(  276): Unknown permission com.oppo.launcher.permission.READ_SETTINGS in package com.tencent.mtt.x86
W/PackageManager(  276): Unknown permission com.oppo.launcher.permission.WRITE_SETTINGS in package com.tencent.mtt.x86
W/PackageManager(  276): Unknown permission com.ztemt.launcher.permission.READ_SETTINGS in package com.tencent.mtt.x86
W/PackageManager(  276): Unknown permission com.ztemt.launcher.permission.WRITE_SETTINGS in package com.tencent.mtt.x86
W/PackageManager(  276): Unknown permission com.lenovo.launcher.permission.READ_SETTINGS in package com.tencent.mtt.x86
W/PackageManager(  276): Unknown permission com.lenovo.launcher.permission.WRITE_SETTINGS in package com.tencent.mtt.x86
W/PackageManager(  276): Unknown permission com.android.launcher3.permission.READ_SETTINGS in package com.tencent.mtt.x86
W/PackageManager(  276): Unknown permission com.android.launcher3.permission.WRITE_SETTINGS in package com.tencent.mtt.x86
W/PackageManager(  276): Unknown permission com.moxiu.launcher.permission.READ_SETTINGS in package com.tencent.mtt.x86
W/PackageManager(  276): Unknown permission com.moxiu.launcher.permission.WRITE_SETTINGS in package com.tencent.mtt.x86
W/PackageManager(  276): Unknown permission com.iLoong.permission.READ_SETTINGS in package com.tencent.mtt.x86
W/PackageManager(  276): Unknown permission com.iLoong.permission.WRITE_SETTINGS in package com.tencent.mtt.x86
W/PackageManager(  276): Unknown permission telecom.mdesk.permission.READ_SETTINGS in package com.tencent.mtt.x86
W/PackageManager(  276): Unknown permission telecom.mdesk.permission.WRITE_SETTINGS in package com.tencent.mtt.x86
W/PackageManager(  276): Unknown permission com.tencent.tmsecurelite.permission.ACCESS_SERVICE in package com.tencent.mtt.x86
W/PackageManager(  276): Not granting permission android.permission.BIND_ACCESSIBILITY_SERVICE to package com.tencent.mtt.x86 (protectionLevel=2 flags=0x183e44)
W/PackageManager(  276): Unknown permission com.android.ContactWidget.permission.READ_SETTINGS in package com.tencent.mtt.x86
W/PackageManager(  276): Unknown permission com.android.ContactWidget.permission.WRITE_SETTINGS in package com.tencent.mtt.x86
W/PackageManager(  276): Not granting permission android.permission.INTERACT_ACROSS_USERS to package com.tencent.mtt.x86 (protectionLevel=50 flags=0x183e44)
W/PackageManager(  276): Not granting permission android.permission.INTERACT_ACROSS_USERS_FULL to package com.tencent.mtt.x86 (protectionLevel=2 flags=0x183e44)
W/PackageManager(  276): Not granting permission android.permission.MOUNT_UNMOUNT_FILESYSTEMS to package com.tencent.mtt.x86 (protectionLevel=18 flags=0x183e44)
W/PackageManager(  276): Unknown permission com.lenovo.launcher.permission.BADGE_READ in package com.tencent.mtt.x86
W/PackageManager(  276): Unknown permission com.lenovo.launcher.permission.BADGE_WRITE in package com.tencent.mtt.x86
W/PackageManager(  276): Unknown permission com.huawei.android.launcher.permission.CHANGE_BADGE in package com.tencent.mtt.x86
W/PackageManager(  276): Unknown permission com.android.smspush.WAPPUSH_MANAGER_BIND in package com.android.phone
W/PackageManager(  276): Unknown permission com.google.android.googleapps.permission.GOOGLE_AUTH in package com.android.providers.calendar
W/PackageManager(  276): Unknown permission com.google.android.googleapps.permission.GOOGLE_AUTH.cl in package com.android.providers.calendar
W/PackageManager(  276): Unknown permission com.android.launcher.permission.READ_SETTINGS in package com.android.onetimeinitializer
W/PackageManager(  276): Unknown permission com.android.launcher.permission.WRITE_SETTINGS in package com.android.onetimeinitializer
D/dalvikvm(  276): GC_CONCURRENT freed 240K, 7% free 4677K/5020K, paused 1ms+1ms, total 5ms
W/EventHub(  276): Unable to disable kernel key repeat for /dev/input/event6: Function not implemented
I/EventHub(  276): Virtual keyboard mode is |0] [0]
I/EventHub(  276): Vrtual keyboard is set to Hardware mode
I/EventHub(  276): New device: id=4, fd=94, path='/dev/input/event6', name='gpio-keys', classes=0x81, configuration='', keyLayout='/system/usr/keylayout/gpio-keys.kl', keyCharacterMap='/system/usr/keychars/gpio-keys.kcm', builtinKeyboard=false, usingSuspendBlockIoctl=true, usingClockIoctl=true
I/EventHub(  276): ignoring event id /dev/input/event5 driver VirtualBox mouse integration
I/SystemServer(  276): Wi-Fi P2pService
W/PackageManager(  276): Unknown permission com.cyanogenmod.filemanager.permissions.READ_THEME in package com.cyanogenmod.filemanager
W/PackageManager(  276): Not granting permission android.permission.MOUNT_UNMOUNT_FILESYSTEMS to package com.lemon.lemonban (protectionLevel=18 flags=0x248be44)
W/PackageManager(  276): Unknown permission com.android.launcher.permission.READ_SETTINGS in package com.bignox.app.store.hd
W/PackageManager(  276): Unknown permission com.android.launcher.permission.WRITE_SETTINGS in package com.bignox.app.store.hd
I/SystemServer(  276): Wi-Fi Service
D/EventHub(  276): No input device configuration file found for device 'Sleep Button'.
W/EventHub(  276): Unable to disable kernel key repeat for /dev/input/event1: Function not implemented
I/EventHub(  276): Virtual keyboard mode is |0] [0]
I/EventHub(  276): Vrtual keyboard is set to Hardware mode
I/EventHub(  276): New device: id=5, fd=84, path='/dev/input/event1', name='Sleep Button', classes=0x1, configuration='', keyLayout='/system/usr/keylayout/Generic.kl', keyCharacterMap='/system/usr/keychars/Generic.kcm', builtinKeyboard=false, usingSuspendBlockIoctl=true, usingClockIoctl=true
D/EventHub(  276): No input device configuration file found for device 'Power Button'.
W/EventHub(  276): Unable to disable kernel key repeat for /dev/input/event0: Function not implemented
I/EventHub(  276): Virtual keyboard mode is |0] [0]
I/EventHub(  276): Vrtual keyboard is set to Hardware mode
I/EventHub(  276): New device: id=6, fd=107, path='/dev/input/event0', name='Power Button', classes=0x1, configuration='', keyLayout='/system/usr/keylayout/Generic.kl', keyCharacterMap='/system/usr/keychars/Generic.kcm', builtinKeyboard=false, usingSuspendBlockIoctl=true, usingClockIoctl=true
E/EventHub(  276): could not get driver version for /dev/input/mouse0, Not a typewriter
I/SystemServer(  276): Connectivity Service
D/ConnectivityService(  276): ConnectivityService starting up
D/ConnectivityService(  276): wifiOnly=false
E/ConnectivityService(  276): Ignoring protectedNetwork 10
E/ConnectivityService(  276): Ignoring protectedNetwork 11
E/ConnectivityService(  276): Ignoring protectedNetwork 12
E/ConnectivityService(  276): Ignoring protectedNetwork 14
D/WifiController(  276): WifiController msg { when=0 what=155656 target=com.android.internal.util.StateMachine$SmHandler } deferred for 494ms
E/MobileDataStateTracker(  276): default: Ignoring feature request because could not acquire PhoneService
E/MobileDataStateTracker(  276): default: Could not enable APN type "default"
I/WifiService(  276): WifiService starting up with Wi-Fi enabled
D/WifiService(  276): setWifiEnabled: true pid=276, uid=1000
I/SystemServer(  276): Network Service Discovery Service
D/NsdService(  276): Network service discovery enabled true
I/SystemServer(  276): UpdateLock Service
I/SystemServer(  276): Notification Manager
I/SystemServer(  276): Device Storage Monitor
I/SystemServer(  276): Location Manager
I/SystemServer(  276): Country Detector
I/SystemServer(  276): Search Service
D/dalvikvm(  276): GC_CONCURRENT freed 238K, 7% free 4855K/5200K, paused 0ms+0ms, total 6ms
I/SystemServer(  276): DropBox Service
I/SystemServer(  276): Wallpaper Service
I/EventHub(  276): ignoring event id /dev/input/event3 driver ImExPS/2 Generic Explorer Mouse
I/SystemServer(  276): Audio Service
D/EventHub(  276): No input device configuration file found for device 'AT Translated Set 2 keyboard'.
I/EventHub(  276): Virtual keyboard mode is |0] [0]
I/EventHub(  276): Vrtual keyboard is set to Hardware mode
I/EventHub(  276): New device: id=7, fd=127, path='/dev/input/event2', name='AT Translated Set 2 keyboard', classes=0x3, configuration='', keyLayout='/system/usr/keylayout/AT_Translated_Set_2_keyboard.kl', keyCharacterMap='/system/usr/keychars/Generic.kcm', builtinKeyboard=false, usingSuspendBlockIoctl=true, usingClockIoctl=true
E/EventHub(  276): could not get driver version for /dev/input/mice, Not a typewriter
I/SystemServer(  276): Dock Observer
W/DockObserver(  276): This kernel does not have dock station support
I/SystemServer(  276): Wired Accessory Manager
W/WiredAccessoryManager(  276): This kernel does not have wired headset support
W/WiredAccessoryManager(  276): This kernel does not have usb audio support
W/WiredAccessoryManager(  276): This kernel does not have HDMI audio support
I/SystemServer(  276): USB Service
I/SystemServer(  276): Serial Service
I/SystemServer(  276): Twilight Service
I/SystemServer(  276): UI Mode Manager Service
I/SystemServer(  276): Backup Service
V/BackupManagerService(  276): Initializing package tracking
V/BackupManagerService(  276): No ancestral data
V/BackupManagerService(  276): addPackageParticipantsLocked: all
I/BackupManagerService(  276): Scheduling backup for new app android
D/BackupManagerService(  276): Now staging backup of android
I/BackupManagerService(  276): Scheduling backup for new app com.android.browser
D/BackupManagerService(  276): Now staging backup of com.android.browser
I/BackupManagerService(  276): Scheduling backup for new app com.android.providers.userdictionary
D/BackupManagerService(  276): Now staging backup of com.android.providers.userdictionary
I/BackupManagerService(  276): Scheduling backup for new app com.android.sharedstoragebackup
D/BackupManagerService(  276): Now staging backup of com.android.sharedstoragebackup
I/BackupManagerService(  276): Scheduling backup for new app com.android.providers.settings
D/BackupManagerService(  276): Now staging backup of com.android.providers.settings
V/BackupManagerService(  276): Starting with transport android/com.android.internal.backup.LocalTransport
V/BackupManagerService(  276): Found transports: 1
I/BackupManagerService(  276): Binding to transport host ComponentInfo{android/com.android.internal.backup.LocalTransportService}
I/BackupManagerService(  276): Found stale backup journal, scheduling
I/BackupManagerService(  276):   android
I/BackupManagerService(  276):   com.android.browser
I/BackupManagerService(  276):   com.android.providers.userdictionary
I/BackupManagerService(  276):   com.android.sharedstoragebackup
I/BackupManagerService(  276):   com.android.providers.settings
I/BackupManagerService(  276): Backup enabled => false
I/BackupManagerService(  276): Opting out of backup
I/SystemServer(  276): AppWidget Service
I/SystemServer(  276): Recognition Service
I/SystemServer(  276): DiskStats Service
I/SystemServer(  276): SamplingProfiler Service
I/SystemServer(  276): NetworkTimeUpdateService
I/SystemServer(  276): CommonTimeManagementService
I/SystemServer(  276): CertBlacklister
I/SystemServer(  276): Dreams Service
I/SystemServer(  276): Assets Atlas Service
I/SystemServer(  276): IdleMaintenanceService
I/SystemServer(  276): Print Service
I/SystemServer(  276): Media Router Service
E/EventHub(  276): could not get driver version for /dev/input/mouse1, Not a typewriter
D/EventHub(  276): No input device configuration file found for device 'VirtualBox USB Tablet'.
I/EventHub(  276): New device: id=8, fd=133, path='/dev/input/event4', name='VirtualBox USB Tablet', classes=0x80000004, configuration='', keyLayout='', keyCharacterMap='', builtinKeyboard=false, usingSuspendBlockIoctl=true, usingClockIoctl=true
I/InputReader(  276): Device added: id=-1, name='Virtual', sources=0x00000301
I/InputReader(  276):   Touch device 'VirtualBox USB Tablet' could not query the properties of its associated display.  The device will be inoperable until the display size becomes available.
I/InputReader(  276): Device added: id=8, name='VirtualBox USB Tablet', sources=0x00001002
I/InputReader(  276): Device added: id=7, name='AT Translated Set 2 keyboard', sources=0x00000101
I/InputReader(  276): Device added: id=6, name='Power Button', sources=0x00000101
I/InputReader(  276): Device added: id=5, name='Sleep Button', sources=0x00000101
I/InputReader(  276): Device added: id=4, name='gpio-keys', sources=0x80000101
I/InputReader(  276):   Touch device 'Android Input' could not query the properties of its associated display.  The device will be inoperable until the display size becomes available.
I/InputReader(  276): Device added: id=3, name='Android Input', sources=0x00001303
D/Atlas   (  276): Loaded configuration: SliceMinArea (768x768) flags=0x2 count=25
I/InputReader(  276): Device added: id=2, name='mouse', sources=0x00002002
I/InputReader(  276):   Touch device 'seamless mouse' could not query the properties of its associated display.  The device will be inoperable until the display size becomes available.
I/InputReader(  276): Device added: id=1, name='seamless mouse', sources=0x00001002
I/InputReader(  276): Reconfiguring input devices.  changes=0x00000004
I/InputReader(  276): Device reconfigured: id=1, name='seamless mouse', size 1280x720, orientation 0, mode 1, display id 0
I/InputReader(  276): Device reconfigured: id=3, name='Android Input', size 1280x720, orientation 0, mode 1, display id 0
I/InputReader(  276): Device reconfigured: id=8, name='VirtualBox USB Tablet', size 1280x720, orientation 0, mode 1, display id 0
I/WindowManager(  276): SAFE MODE not enabled
I/ActivityManager(  276): Config changes=78 {1.0 460mcc7mnc zh_CN ldltr sw480dp w853dp h454dp 240dpi lrg long land ?uimode ?night finger qwerty/v/v dpad/v s.4}
D/dalvikvm(  276): GC_CONCURRENT freed 261K, 7% free 5051K/5416K, paused 0ms+3ms, total 12ms
W/WindowManager(  276): updateFocusedWindowLocked, focusedAppToken is null.
I/Zygote  (  276): Process: zygote socket opened
D/        (  276): HostConnection::get() New Host Connection established 0xb848fa90, tid 328
V/KeyguardServiceDelegate(  276): *** Keyguard started
V/KeyguardServiceDelegate(  276): onSystemReady() called before keyguard service was ready
I/dalvikvm(  276): ignoring registerObject request in thread=1
I/dalvikvm(  276): ignoring registerObject request in thread=1
W/libsuspend(  276): Error writing 'on' to /sys/power/state: Invalid argument
E/libsuspend(  276): Error opening /sys/power/autosleep: No such file or directory
E/libsuspend(  276): Error opening /sys/power/wakeup_count: Permission denied
E/libsuspend(  276): failed to initialize autosuspend
I/ActivityManager(  276): Start proc com.android.systemui for service com.android.keyguard/.KeyguardService: pid=330 uid=10006 gids={50006, 1028, 1015, 1023, 1035, 3002, 3001}
I/AppOps  (  276): Pruning old package root/0: new uid=-1
I/AppOps  (  276): Pruning old package media/1013: new uid=-1
I/ActivityManager(  276): System now ready
I/dalvikvm(  330): ignoring registerObject request in thread=1
I/dalvikvm(  330): ignoring registerObject request in thread=1
I/SystemServer(  276): Making services ready
D/NetworkManagementService(  276): enabling bandwidth control
W/MountService(  276): Duplicate state transition (mounted -> mounted) for /storage/emulated/0
D/libEGL  (  276): loaded /system/lib/egl/libEGL_adreno.so
D/libEGL  (  276): loaded /system/lib/egl/libGLESv1_CM_adreno.so
D/libEGL  (  276): loaded /system/lib/egl/libGLESv2_adreno.so
I/iptables(  163): iptables: No chain/target/match by that name.
I/iptables(  163): iptables terminated by exit(1)
E/BandwidthController(  163): runIptablesCmd(): res=1 status=256 failed /system/bin/iptables -A bw_INPUT -m owner --socket-exists
I/ip6tables(  163): ip6tables: No chain/target/match by that name.
I/ip6tables(  163): ip6tables terminated by exit(1)
E/BandwidthController(  163): runIptablesCmd(): res=1 status=256 failed /system/bin/ip6tables -A bw_INPUT -m owner --socket-exists
F/NetworkManagementService(  276): problem enabling bandwidth controls
F/NetworkManagementService(  276): com.android.server.NativeDaemonConnector$NativeDaemonFailureException: command '1 bandwidth enable' failed with '400 1 Bandwidth command failed'
F/NetworkManagementService(  276): 	at com.android.server.NativeDaemonConnector.execute(NativeDaemonConnector.java:392)
F/NetworkManagementService(  276): 	at com.android.server.NativeDaemonConnector.executeForList(NativeDaemonConnector.java:328)
F/NetworkManagementService(  276): 	at com.android.server.NativeDaemonConnector.execute(NativeDaemonConnector.java:293)
F/NetworkManagementService(  276): 	at com.android.server.NetworkManagementService.prepareNativeDaemon(NetworkManagementService.java:348)
F/NetworkManagementService(  276): 	at com.android.server.NetworkManagementService.systemReady(NetworkManagementService.java:224)
F/NetworkManagementService(  276): 	at com.android.server.ServerThread$2.run(SystemServer.java:962)
F/NetworkManagementService(  276): 	at com.android.server.am.ActivityManagerService.systemReady(ActivityManagerService.java:9393)
F/NetworkManagementService(  276): 	at com.android.server.ServerThread.initAndLoop(SystemServer.java:939)
F/NetworkManagementService(  276): 	at com.android.server.SystemServer.main(SystemServer.java:1209)
F/NetworkManagementService(  276): 	at java.lang.reflect.Method.invokeNative(Native Method)
F/NetworkManagementService(  276): 	at java.lang.reflect.Method.invoke(Method.java:515)
F/NetworkManagementService(  276): 	at com.android.internal.os.ZygoteInit$MethodAndArgsCaller.run(ZygoteInit.java:779)
F/NetworkManagementService(  276): 	at com.android.internal.os.ZygoteInit.main(ZygoteInit.java:595)
F/NetworkManagementService(  276): 	at dalvik.system.NativeStart.main(Native Method)
E/EGL_emulation(  276): egl: destroying current context refused
W/libEGL  (  276): eglTerminate() called w/ 1 objects remaining
D/Atlas   (  276): Rendered atlas in 52.30ms (0.42+51.88ms)
D/        (  167): HostConnection::get() New Host Connection established 0xb79f9940, tid 329
I/iptables(  163): iptables: No chain/target/match by that name.
I/iptables(  163): iptables terminated by exit(1)
E/Netd    (  163): exec() res=0, status=256 for /system/bin/iptables -F fw_INPUT 
I/ip6tables(  163): ip6tables: No chain/target/match by that name.
V/KeyguardService(  330): onCreate()
I/ip6tables(  163): ip6tables terminated by exit(1)
E/Netd    (  163): exec() res=0, status=256 for /system/bin/ip6tables -F fw_INPUT 
I/iptables(  163): iptables: No chain/target/match by that name.
I/iptables(  163): iptables terminated by exit(1)
E/Netd    (  163): exec() res=0, status=256 for /system/bin/iptables -F fw_OUTPUT 
I/ip6tables(  163): ip6tables: No chain/target/match by that name.
I/ip6tables(  163): ip6tables terminated by exit(1)
E/Netd    (  163): exec() res=0, status=256 for /system/bin/ip6tables -F fw_OUTPUT 
I/iptables(  163): iptables: No chain/target/match by that name.
I/iptables(  163): iptables terminated by exit(1)
E/Netd    (  163): exec() res=0, status=256 for /system/bin/iptables -F fw_FORWARD 
I/ip6tables(  163): ip6tables: No chain/target/match by that name.
I/ip6tables(  163): ip6tables terminated by exit(1)
E/Netd    (  163): exec() res=0, status=256 for /system/bin/ip6tables -F fw_FORWARD 
F/SystemServer(  276): BOOT FAILURE making Network Managment Service ready
F/SystemServer(  276): java.lang.IllegalStateException: command '2 firewall disable' failed with '400 2 Firewall command failed'
F/SystemServer(  276): 	at com.android.server.NetworkManagementService.setFirewallEnabled(NetworkManagementService.java:1617)
F/SystemServer(  276): 	at com.android.server.NetworkManagementService.prepareNativeDaemon(NetworkManagementService.java:401)
F/SystemServer(  276): 	at com.android.server.NetworkManagementService.systemReady(NetworkManagementService.java:224)
F/SystemServer(  276): 	at com.android.server.ServerThread$2.run(SystemServer.java:962)
F/SystemServer(  276): 	at com.android.server.am.ActivityManagerService.systemReady(ActivityManagerService.java:9393)
F/SystemServer(  276): 	at com.android.server.ServerThread.initAndLoop(SystemServer.java:939)
F/SystemServer(  276): 	at com.android.server.SystemServer.main(SystemServer.java:1209)
F/SystemServer(  276): 	at java.lang.reflect.Method.invokeNative(Native Method)
F/SystemServer(  276): 	at java.lang.reflect.Method.invoke(Method.java:515)
F/SystemServer(  276): 	at com.android.internal.os.ZygoteInit$MethodAndArgsCaller.run(ZygoteInit.java:779)
F/SystemServer(  276): 	at com.android.internal.os.ZygoteInit.main(ZygoteInit.java:595)
F/SystemServer(  276): 	at dalvik.system.NativeStart.main(Native Method)
F/SystemServer(  276): Caused by: com.android.server.NativeDaemonConnector$NativeDaemonFailureException: command '2 firewall disable' failed with '400 2 Firewall command failed'
F/SystemServer(  276): 	at com.android.server.NativeDaemonConnector.execute(NativeDaemonConnector.java:392)
F/SystemServer(  276): 	at com.android.server.NativeDaemonConnector.executeForList(NativeDaemonConnector.java:328)
F/SystemServer(  276): 	at com.android.server.NativeDaemonConnector.execute(NativeDaemonConnector.java:293)
F/SystemServer(  276): 	at com.android.server.NetworkManagementService.setFirewallEnabled(NetworkManagementService.java:1614)
F/SystemServer(  276): 	... 11 more
W/SystemServer(  276): ***********************************************
E/WVMExtractor(  170): Failed to open libwvm.so
D/SystemUIService(  330): loading: class com.android.systemui.recent.Recents
D/SystemUIService(  330): running: com.android.systemui.recent.Recents@4a7c873c
D/SystemUIService(  330): loading: class com.android.systemui.statusbar.SystemBars
D/SystemUIService(  330): running: com.android.systemui.statusbar.SystemBars@4a7c8a0c
D/SystemUIService(  330): loading: class com.android.systemui.usb.StorageNotification
D/SystemUIService(  330): running: com.android.systemui.usb.StorageNotification@4a7c999c
D/SystemUIService(  330): loading: class com.android.systemui.power.PowerUI
D/SystemUIService(  330): running: com.android.systemui.power.PowerUI@4a7ca478
D/SystemUIService(  330): loading: class com.android.systemui.media.RingtonePlayer
D/SystemUIService(  330): running: com.android.systemui.media.RingtonePlayer@4a7cac44
D/SystemUIService(  330): loading: class com.android.systemui.settings.SettingsUI
D/SystemUIService(  330): running: com.android.systemui.settings.SettingsUI@4a7cb5c4
D/PhoneStatusBar(  330): mSettingsPanelGravity = 55
D/dalvikvm(  276): GC_CONCURRENT freed 305K, 8% free 5189K/5596K, paused 1ms+0ms, total 8ms
I/iptables(  163): iptables: No chain/target/match by that name.
W/NetworkStats(  276): bandwidth controls disabled, unable to track stats
W/NetworkPolicy(  276): bandwidth controls disabled, unable to enforce policy
I/StatusBarManagerService(  276): registerStatusBar bar=com.android.internal.statusbar.IStatusBar$Stub$Proxy@4a88cb8c
I/iptables(  163): iptables terminated by exit(1)
E/Netd    (  163): exec() res=0, status=256 for /system/bin/iptables -F fw_INPUT 
I/ip6tables(  163): ip6tables: No chain/target/match by that name.
I/ip6tables(  163): ip6tables terminated by exit(1)
E/Netd    (  163): exec() res=0, status=256 for /system/bin/ip6tables -F fw_INPUT 
E/cutils-trace(  170): Error opening trace file: No such file or directory (2)
I/iptables(  163): iptables: No chain/target/match by that name.
I/iptables(  163): iptables terminated by exit(1)
E/Netd    (  163): exec() res=0, status=256 for /system/bin/iptables -F fw_OUTPUT 
I/ip6tables(  163): ip6tables: No chain/target/match by that name.
I/ip6tables(  163): ip6tables terminated by exit(1)
E/Netd    (  163): exec() res=0, status=256 for /system/bin/ip6tables -F fw_OUTPUT 
I/iptables(  163): iptables: No chain/target/match by that name.
I/iptables(  163): iptables terminated by exit(1)
E/Netd    (  163): exec() res=0, status=256 for /system/bin/iptables -F fw_FORWARD 
I/ip6tables(  163): ip6tables: No chain/target/match by that name.
I/ip6tables(  163): ip6tables terminated by exit(1)
E/Netd    (  163): exec() res=0, status=256 for /system/bin/ip6tables -F fw_FORWARD 
F/SystemServer(  276): BOOT FAILURE making Connectivity Service ready
F/SystemServer(  276): java.lang.IllegalStateException: command '3 firewall disable' failed with '400 3 Firewall command failed'
F/SystemServer(  276): 	at com.android.server.NetworkManagementService.setFirewallEnabled(NetworkManagementService.java:1617)
F/SystemServer(  276): 	at com.android.server.ConnectivityService.setLockdownTracker(ConnectivityService.java:3908)
F/SystemServer(  276): 	at com.android.server.ConnectivityService.updateLockdownVpn(ConnectivityService.java:3883)
F/SystemServer(  276): 	at com.android.server.ConnectivityService.systemReady(ConnectivityService.java:2235)
F/SystemServer(  276): 	at com.android.server.ServerThread$2.run(SystemServer.java:977)
F/SystemServer(  276): 	at com.android.server.am.ActivityManagerService.systemReady(ActivityManagerService.java:9393)
F/SystemServer(  276): 	at com.android.server.ServerThread.initAndLoop(SystemServer.java:939)
F/SystemServer(  276): 	at com.android.server.SystemServer.main(SystemServer.java:1209)
F/SystemServer(  276): 	at java.lang.reflect.Method.invokeNative(Native Method)
F/SystemServer(  276): 	at java.lang.reflect.Method.invoke(Method.java:515)
F/SystemServer(  276): 	at com.android.internal.os.ZygoteInit$MethodAndArgsCaller.run(ZygoteInit.java:779)
F/SystemServer(  276): 	at com.android.internal.os.ZygoteInit.main(ZygoteInit.java:595)
F/SystemServer(  276): 	at dalvik.system.NativeStart.main(Native Method)
F/SystemServer(  276): Caused by: com.android.server.NativeDaemonConnector$NativeDaemonFailureException: command '3 firewall disable' failed with '400 3 Firewall command failed'
F/SystemServer(  276): 	at com.android.server.NativeDaemonConnector.execute(NativeDaemonConnector.java:392)
F/SystemServer(  276): 	at com.android.server.NativeDaemonConnector.executeForList(NativeDaemonConnector.java:328)
F/SystemServer(  276): 	at com.android.server.NativeDaemonConnector.execute(NativeDaemonConnector.java:293)
F/SystemServer(  276): 	at com.android.server.NetworkManagementService.setFirewallEnabled(NetworkManagementService.java:1614)
F/SystemServer(  276): 	... 12 more
W/SystemServer(  276): ***********************************************
I/ActivityManager(  276): Config changes=200 {1.0 460mcc7mnc zh_CN ldltr sw480dp w853dp h454dp 240dpi lrg long land finger qwerty/v/v dpad/v s.5}
W/RecognitionManagerService(  276): no available voice recognition services found for user 0
W/ContextImpl(  276): Calling a method in the system process without a qualified user: android.app.ContextImpl.sendBroadcast:1123 com.android.server.usb.UsbSettingsManager.deviceAttached:621 com.android.server.usb.UsbHostManager.usbDeviceAdded:156 com.android.server.usb.UsbHostManager.monitorUsbHostBus:-2 com.android.server.usb.UsbHostManager.access$000:38 
D/dalvikvm(  330): JIT code cache reset in 0 ms (0 bytes 1/0)
D/dalvikvm(  330): GC_CONCURRENT freed 143K, 8% free 3089K/3328K, paused 1ms+1ms, total 6ms
D/dalvikvm(  330): GC_FOR_ALLOC freed 4K, 8% free 3143K/3384K, paused 3ms, total 3ms
I/dalvikvm-heap(  330): Grow heap (frag case) to 3.764MB for 635808-byte allocation
D/dalvikvm(  330): GC_CONCURRENT freed 1K, 7% free 3762K/4008K, paused 1ms+0ms, total 3ms
W/InputMethodManagerService(  276): Ignoring setImeWindowStatus of uid 1000 token: null
D/WifiController(  276): DEFERRED_TOGGLE handled
E/WifiStateMachine(  276): Failed to reload STA firmware java.lang.IllegalArgumentException: command '4 softap fwreload eth1 STA' failed with '501 4 SoftAP command has failed'
D/CommandListener(  163): Setting iface cfg
D/CommandListener(  163): Trying to bring down eth1
E/Netd    (  163): Failed to open /proc/sys/net/ipv6/conf/eth1/use_tempaddr: No such file or directory
I/ActivityManager(  276): Start proc com.example.android.softkeyboard for service com.example.android.softkeyboard/.SoftKeyboard: pid=390 uid=10025 gids={50025}
V/InputMethodManagerService(  276): Adding window token: android.os.Binder@4a8e3b84
E/WifiStateMachine(  276): Unable to change interface settings: java.lang.IllegalStateException: command '7 interface ipv6privacyextensions eth1 enable' failed with '400 7 Failed to set ipv6 privacy extensions (No such file or directory)'
W/ServiceWatcher(  276): com.google.android.gms not found
I/dalvikvm(  390): ignoring registerObject request in thread=1
I/dalvikvm(  390): ignoring registerObject request in thread=1
W/ServiceWatcher(  276): com.google.android.gms not found
W/ServiceWatcher(  276): com.google.android.gms not found
W/ServiceWatcher(  276): com.google.android.gms not found
E/FlpHardwareProvider(  276): Error hw_get_module 'flp': -2
W/ServiceWatcher(  276): com.google.android.gms not found
E/FlpHardwareProvider(  276): Error hw_get_module 'flp': -2
W/ServiceWatcher(  276): com.google.android.gms not found
E/GpsLocationProvider(  276): no AGPS interface in set_agps_server
W/LocationManagerService(  276): no network location provider found
E/LocationManagerService(  276): no geocoder provider found
E/LocationManagerService(  276): No FusedProvider found.
E/LocationManagerService(  276): no geofence provider found
I/ActivityManager(  276): Start proc com.android.settings for broadcast com.android.settings/.widget.SettingsAppWidgetProvider: pid=403 uid=1000 gids={41000, 1028, 1015, 1023, 3002, 3001, 3003, 1007}
I/CommonTimeManagementService(  276): No common time service detected on this platform.  Common time services will be unavailable.
I/InputReader(  276): Reconfiguring input devices.  changes=0x00000020
I/InputReader(  276): Reconfiguring input devices.  changes=0x00000010
I/dalvikvm(  403): ignoring registerObject request in thread=1
I/dalvikvm(  403): ignoring registerObject request in thread=1
W/SocketClient(  163): write error (Broken pipe)
I/ActivityManager(  276): Start proc com.android.phone for added application com.android.phone: pid=417 uid=1001 gids={41001, 3002, 3001, 3003, 1028, 1015, 1023}
I/ActivityManager(  276): START u0 {act=android.intent.action.MAIN cat=[android.intent.category.HOME] flg=0x10000000 cmp=com.vphone.launcher/.Launcher} from pid 0
D/dalvikvm(  276): GC_CONCURRENT freed 391K, 9% free 5264K/5760K, paused 0ms+1ms, total 4ms
I/ActivityManager(  276): Start proc com.vphone.launcher for activity com.vphone.launcher/.Launcher: pid=429 uid=1000 gids={41000, 1028, 1015, 1023, 3002, 3001, 3003, 1007}
D/WifiMonitor(  276): startMonitoring(eth1) with mConnected = false
I/dalvikvm(  417): ignoring registerObject request in thread=1
V/KeyguardServiceDelegate(  276): *** Keyguard connected (yay!)
I/dalvikvm(  417): ignoring registerObject request in thread=1
W/ActivityManager(  276): Unable to start service Intent { cmp=com.android.printspooler/.PrintSpoolerService } U=0: not found
W/InputMethodManagerService(  276): Focus gain on non-focused client android.view.inputmethod.InputMethodManager$1@4a8ab708 (uid=1000 pid=276)
D/BluetoothManagerService(  276): Message: 20
D/BluetoothManagerService(  276): Added callback: android.bluetooth.IBluetoothManagerCallback$Stub$Proxy@4a8a53b0:true
I/dalvikvm(  429): ignoring registerObject request in thread=1
I/dalvikvm(  429): ignoring registerObject request in thread=1
D/BluetoothAdapter(  330): 1249713076: getState() :  mService = null. Returning STATE_OFF
D/BluetoothAdapter(  330): 1249713076: getState() :  mService = null. Returning STATE_OFF
D/BluetoothManagerService(  276): Message: 300
D/BluetoothManagerService(  276): MESSAGE_USER_SWITCHED
V/BackupManagerService(  276): Connected to transport ComponentInfo{android/com.android.internal.backup.LocalTransportService}
V/BackupManagerService(  276): Registering transport android/com.android.internal.backup.LocalTransportService::android/com.android.internal.backup.LocalTransport = com.android.internal.backup.LocalTransport@4a86f1dc
D/BluetoothAdapter(  330): 1249713076: getState() :  mService = null. Returning STATE_OFF
I/wpa_supplicant(  416): Successfully initialized wpa_supplicant
D/dalvikvm(  330): GC_CONCURRENT freed 196K, 7% free 3986K/4280K, paused 3ms+2ms, total 11ms
D/PhoneStatusBar(  330): disable: < expand icons alerts ticker system_info back home recent clock search >
I/ActivityManager(  276): Start proc android.process.acore for content provider com.android.providers.contacts/.ContactsProvider2: pid=444 uid=10002 gids={50002, 3003, 1028, 1015, 1023}
I/dalvikvm(  444): ignoring registerObject request in thread=1
I/dalvikvm(  444): ignoring registerObject request in thread=1
D/BluetoothAdapter(  330): 1249713076: getState() :  mService = null. Returning STATE_OFF
D/BluetoothAdapter(  330): 1249713076: getState() :  mService = null. Returning STATE_OFF
D/PhoneStatusBar(  330): heads up is disabled
D/PhoneStatusBar(  330): mSettingsPanelGravity = 55
D/dalvikvm(  444): JIT code cache reset in 0 ms (0 bytes 1/0)
D/dalvikvm(  444): GC_CONCURRENT freed 198K, 9% free 3060K/3352K, paused 2ms+2ms, total 8ms
D/libEGL  (  330): loaded /system/lib/egl/libEGL_adreno.so
