D/        (  330): HostConnection::get() New Host Connection established 0xb83fc040, tid 330
D/libEGL  (  330): loaded /system/lib/egl/libGLESv1_CM_adreno.so
D/libEGL  (  330): loaded /system/lib/egl/libGLESv2_adreno.so
D/BluetoothManagerService(  276): Message: 20
D/BluetoothManagerService(  276): Added callback: android.bluetooth.IBluetoothManagerCallback$Stub$Proxy@4a8fc174:true
D/BluetoothAdapter(  403): 1249660704: getState() :  mService = null. Returning STATE_OFF
D/BluetoothManagerService(  276): Message: 30
E/BluetoothInputDevice(  403): Could not bind to Bluetooth HID Service with Intent { act=android.bluetooth.IBluetoothInputDevice }
D/BluetoothManagerService(  276): Message: 30
E/BluetoothPan(  403): Could not bind to Bluetooth Pan Service with Intent { act=android.bluetooth.IBluetoothPan }
D/LocalBluetoothProfileManager(  403): Adding local MAP profile
D/BluetoothMap(  403): Create BluetoothMap proxy object
D/BluetoothManagerService(  276): Message: 30
E/BluetoothMap(  403): Could not bind to Bluetooth MAP Service with Intent { act=android.bluetooth.IBluetoothMap }
D/BluetoothManagerService(  276): Message: 30
E/BluetoothPbap(  403): Could not bind to Bluetooth Pbap Service with Intent { act=android.bluetooth.IBluetoothPbap }
D/LocalBluetoothProfileManager(  403): LocalBluetoothProfileManager construction complete
D/BluetoothAdapter(  403): 1249660704: getState() :  mService = null. Returning STATE_OFF
D/BluetoothAdapter(  403): 1249660704: getState() :  mService = null. Returning STATE_OFF
W/EGL_emulation(  330): eglSurfaceAttrib not implemented 3093 12436
D/OpenGLRenderer(  330): Enabling debug mode 0
D/BluetoothManagerService(  276): Message: 20
D/BluetoothManagerService(  276): Added callback: android.bluetooth.IBluetoothManagerCallback$Stub$Proxy@4a90c134:true
D/PhoneStatusBar(  330): disable: < EXPAND* icons alerts TICKER* system_info back home RECENT* clock SEARCH* >
W/WindowManager(  276): updateFocusedWindowLocked, focusedAppToken is null.
D/dalvikvm(  330): GC_CONCURRENT freed 127K, 5% free 4257K/4480K, paused 1ms+5ms, total 8ms
V/KeyguardHostView(  330): Initial transport state: 1, pbstate=0
D/BluetoothManagerService(  276): Message: 30
E/BluetoothHeadset(  417): Could not bind to Bluetooth Headset Service with Intent { act=android.bluetooth.IBluetoothHeadset }
D/dalvikvm(  417): GC_CONCURRENT freed 154K, 8% free 3109K/3360K, paused 1ms+12ms, total 18ms
D/CallNotifier(  417): CallNotifier: mSignalInfoToneGenerator created when toneplay
D/BluetoothManagerService(  276): Message: 30
E/BluetoothHeadset(  417): Could not bind to Bluetooth Headset Service with Intent { act=android.bluetooth.IBluetoothHeadset }
D/BluetoothAdapter(  403): 1249660704: getState() :  mService = null. Returning STATE_OFF
D/dalvikvm(  330): GC_CONCURRENT freed 51K, 4% free 4620K/4800K, paused 0ms+0ms, total 4ms
D/dalvikvm(  276): GC_CONCURRENT freed 312K, 8% free 5434K/5852K, paused 1ms+0ms, total 7ms
D/MobileDataStateTracker(  276): default: Broadcast received: android.intent.action.ANY_DATA_STATE apnType=default
D/MobileDataStateTracker(  276): default: Received state=DISCONNECTED, old=DISCONNECTED, reason=radioTurnedOff
D/TelephonyDebugService(  417): TelephonyDebugService()
D/dalvikvm(  330): GC_FOR_ALLOC freed 22K, 3% free 4660K/4800K, paused 4ms, total 4ms
I/dalvikvm-heap(  330): Grow heap (frag case) to 10.890MB for 6553612-byte allocation
D/MobileDataStateTracker(  276): default: Broadcast received: android.intent.action.ANY_DATA_STATE apnType=default
D/MobileDataStateTracker(  276): default: Received state=DISCONNECTED, old=DISCONNECTED, reason=radioTurnedOff
D/MobileDataStateTracker(  276): default: Broadcast received: android.intent.action.ANY_DATA_STATE apnType=default
D/MobileDataStateTracker(  276): default: Received state=DISCONNECTED, old=DISCONNECTED, reason=dataDetached
D/dalvikvm(  330): GC_CONCURRENT freed 1K, 2% free 11058K/11204K, paused 1ms+0ms, total 4ms
D/BluetoothManagerService(  276): Message: 30
E/BluetoothHeadset(  417): Could not bind to Bluetooth Headset Service with Intent { act=android.bluetooth.IBluetoothHeadset }
E/BluetoothPhoneService(  417): Could not get a handle on Connection object for the call
W/CallNotifier(  417): Got onMwiChanged() on non-voice-capable device! Ignoring...
I/PhoneApp(  417): Headset phone created, binding local service.
I/dalvikvm(  429): Could not find method android.view.ViewAnimationUtils.createCircularReveal, referenced from method com.vphone.launcher.Launcher.a
W/dalvikvm(  429): VFY: unable to resolve static method 16870: Landroid/view/ViewAnimationUtils;.createCircularReveal (Landroid/view/View;IIFF)Landroid/animation/Animator;
D/dalvikvm(  429): VFY: replacing opcode 0x71 at 0x0269
D/Launcher.LauncherProvider(  429): 11683562 - initializeMaxScreenId(): 1
V/Launcher(  429): LauncherAppState inited
D/dalvikvm(  429): GC_CONCURRENT freed 216K, 10% free 3114K/3436K, paused 1ms+0ms, total 4ms
D/dalvikvm(  429): WAIT_FOR_CONCURRENT_GC blocked 2ms
D/Launcher.Model(  429): Old launcher provider: content://com.android.launcher2.settings/favorites?notify=true
D/Launcher.Model(  429): Old launcher provider does not exist.
I/PackageManager(  276):   Action: "android.intent.action.MAIN"
I/PackageManager(  276):   Category: "android.intent.category.HOME"
I/PackageManager(  276):   Category: "android.intent.category.DEFAULT"
I/PackageManager(  276): Adding preferred activity ComponentInfo{com.vphone.launcher/com.vphone.launcher.Launcher} for user 0 :
W/ImageLoader(  429): diskCache() and diskCacheFileNameGenerator() calls overlap each other
W/ContextImpl(  429): Calling a method in the system process without a qualified user: android.app.ContextImpl.startService:1492 android.content.ContextWrapper.startService:494 com.vphone.launcher.LauncherApplication.onCreate:113 android.app.Instrumentation.callApplicationOnCreate:1024 android.app.ActivityThread.handleBindApplication:4346 
I/Choreographer(  330): Skipped 62 frames!  The application may be doing too much work on its main thread.
D/dalvikvm(  429): GC_CONCURRENT freed 61K, 8% free 3452K/3716K, paused 0ms+0ms, total 3ms
D/dalvikvm(  417): GC_CONCURRENT freed 266K, 11% free 3230K/3592K, paused 0ms+12ms, total 14ms
V/KeyguardHostView(  330): music state changed: 0
W/EGL_emulation(  330): eglSurfaceAttrib not implemented 3093 12436
W/ActivityThread(  429): ClassLoader.loadClass: The class loader returned by Thread.getContextClassLoader() may fail for processes that host multiple applications. You should explicitly specify a context class loader. For example: Thread.setContextClassLoader(getClass().getClassLoader());
D/dalvikvm(  429): GC_CONCURRENT freed 262K, 10% free 3580K/3936K, paused 4ms+1ms, total 9ms
D/WifiService(  276): setWifiEnabled: true pid=429, uid=1000
W/Launcher(  429): setApplicationContext called twice! old=com.vphone.launcher.LauncherApplication@4a7c111c new=com.vphone.launcher.LauncherApplication@4a7c111c
D/su      (  498): su invoked.
D/su      (  498): starting daemon client 1000 1000
D/su      (  502): remote pid: 498
D/su      (  502): remote pts_slave: 
D/su      (  502): waiting for child exit
D/su      (  504): su invoked.
D/su      (  504): 1000 /system/xbin/su executing 0 /system/bin/sh using binary /system/bin/sh : sh
D/su      (  502): sending code
D/su      (  502): child exited
D/su      (  498): client exited 255
V/KeyguardServiceDelegate(  276): **** SHOWN CALLED ****
D/dalvikvm(  429): GC_CONCURRENT freed 353K, 11% free 3685K/4136K, paused 0ms+0ms, total 10ms
I/ContactLocale(  444): AddressBook Labels [zh_CN]: [, A, B, C, D, E, F, G, H, I, J, K, L, M, N, O, P, Q, R, S, T, U, V, W, X, Y, Z, , , , , , , , , , , , , , , , , , , , , , , , , , , , , , , , , , , , , , , , , , , , , , , , , , , , , , , , , , , , , , , , , , , , , , , , , , , , , , , , , , , , , , , , , , , , , , , , , , , , , , , , , , , , , , , , , , , , , , , , , , , , , , , , , , , , , , , , , , , , , , , , , , , , , , , , , , , , #, ]
I/dalvikvm(  429): Could not find method android.view.ViewAnimationUtils.createCircularReveal, referenced from method com.vphone.launcher.LauncherAnimUtils.createCircularReveal
W/dalvikvm(  429): VFY: unable to resolve static method 16870: Landroid/view/ViewAnimationUtils;.createCircularReveal (Landroid/view/View;IIFF)Landroid/animation/Animator;
D/dalvikvm(  429): VFY: replacing opcode 0x71 at 0x0000
W/ResourceType(  429): Attempt to retrieve bag 0x7f0e00a4 which is invalid or in a cycle.
D/PhoneStatusBar(  330): disable: < EXPAND icons alerts TICKER system_info BACK* HOME* RECENT clock SEARCH >
I/wpa_supplicant(  416): eth1: Trying to associate with 01:80:c2:00:00:03 (SSID='WiredSSID' freq=2412 MHz)
I/wpa_supplicant(  416): eth1: No network configuration found for the current AP
I/wpa_supplicant(  416): eth1: CTRL-EVENT-DISCONNECTED bssid=01:80:c2:00:00:03 reason=3 locally_generated=1
I/wpa_supplicant(  416): eth1: Associate with key management = 0 - comparing with WPA_NONE 16
I/wpa_supplicant(  416): eth1: Auth timeout 'coz 802.11, assoc_failed=0 ssid->mode=0
I/wpa_supplicant(  416): eth1: Setting authentication timeout: 10 sec 0 usec
D/WifiConfigStore(  276): Loading config and enabling all networks
D/BluetoothAdapter(  403): 1249660704: getState() :  mService = null. Returning STATE_OFF
W/Searchables(  276): No global search activity found
D/Launcher.Model(  429): 11683562 - loadWorkspace()
D/Launcher.Model(  429): 11683562 -   loadedOldDb: false
V/KeyguardHostView(  330): Initial transport state: 1, pbstate=0
W/ContextImpl(  429): Calling a method in the system process without a qualified user: android.app.ContextImpl.startService:1492 android.content.ContextWrapper.startService:494 com.vphone.launcher.Launcher.g:677 com.vphone.launcher.Launcher.a:176 com.vphone.launcher.Launcher$11.run:633 
E/WifiStateMachine(  276): Failed to set frequency band 0
D/dalvikvm(  429): GC_CONCURRENT freed 78K, 5% free 3995K/4196K, paused 1ms+1ms, total 4ms
V/KeyguardHostView(  330): music state changed: 0
D/AndroidRuntime(  505): 
D/AndroidRuntime(  505): >>>>>> AndroidRuntime START com.android.internal.os.RuntimeInit <<<<<<
D/Launcher.Model(  429): Invalid package: ComponentInfo{com.vphone.launcher.ad.icon/com.vphone.launcher.icon} (check again later)
D/dalvikvm(  429): GC_CONCURRENT freed 316K, 9% free 4182K/4592K, paused 0ms+1ms, total 9ms
D/libEGL  (  429): loaded /system/lib/egl/libEGL_adreno.so
D/        (  429): HostConnection::get() New Host Connection established 0xb8469e00, tid 429
D/libEGL  (  429): loaded /system/lib/egl/libGLESv1_CM_adreno.so
D/libEGL  (  429): loaded /system/lib/egl/libGLESv2_adreno.so
D/dalvikvm(  429): GC_CONCURRENT freed 252K, 9% free 4325K/4748K, paused 0ms+1ms, total 3ms
W/EGL_emulation(  429): eglSurfaceAttrib not implemented 3093 12436
D/OpenGLRenderer(  429): Enabling debug mode 0
D/AndroidRuntime(  505): CheckJNI is OFF
D/dalvikvm(  505): Using executionMode 2
D/Launcher.Model(  429): 11683562 - loadWorkspaceScreensDb()
D/Launcher.Model(  429): 11683562 -   screens: { 0: 1 }
D/Launcher.Model(  429): 11683562 -   sBgWorkspaceScreens: 1
D/dalvikvm(  505): Trying to load lib libjavacore.so 0x0
D/dalvikvm(  505): Added shared lib libjavacore.so 0x0
D/dalvikvm(  505): Trying to load lib libnativehelper.so 0x0
D/dalvikvm(  505): Added shared lib libnativehelper.so 0x0
D/dalvikvm(  505): No JNI_OnLoad found in libnativehelper.so 0x0, skipping init
I/ActivityManager(  276): Displayed com.vphone.launcher/.Launcher: +2s291ms
D/dalvikvm(  505): Note: class Landroid/app/ActivityManagerNative; has 179 unimplemented (abstract) methods
V/WebViewChromium(  429): Binding Chromium to the background looper Looper (main, tid 1) {4a7bd3e8}
D/dalvikvm(  429): GC_CONCURRENT freed 265K, 9% free 4453K/4844K, paused 25ms+2ms, total 34ms
I/chromium(  429): [INFO:library_loader_hooks.cc(112)] Chromium logging enabled: level = 0, default verbosity = 0
I/BrowserProcessMain(  429): Initializing chromium process, renderers=0
E/memtrack(  505): Couldn't load memtrack module (No such file or directory)
E/android.os.Debug(  505): failed to load memtrack module: -2
D/AndroidRuntime(  505): Calling main entry com.android.commands.am.Am
D/AndroidRuntime(  505): Shutting down VM
E/cutils-trace(  505): Error opening trace file: No such file or directory (2)
D/dalvikvm(  505): GC_CONCURRENT freed 96K, 15% free 588K/688K, paused 0ms+0ms, total 5ms
I/wpa_supplicant(  416): eth1: Trying to associate with 01:80:c2:00:00:03 (SSID='WiredSSID' freq=2412 MHz)
I/wpa_supplicant(  416): eth1: Associated with 01:80:c2:00:00:03
I/wpa_supplicant(  416): eth1: Cancelling authentication timeout
I/wpa_supplicant(  416): eth1: CTRL-EVENT-CONNECTED - Connection to 01:80:c2:00:00:03 completed (auth) [id=0 id_str=]
I/wpa_supplicant(  416): eth1: Associate with key management = 4 - comparing with WPA_NONE 16
I/wpa_supplicant(  416): eth1: Auth timeout 'coz 802.11, assoc_failed=0 ssid->mode=0
I/wpa_supplicant(  416): eth1: Setting authentication timeout: 10 sec 0 usec
E/WifiStateMachine(  276): Unexpected BatchedScanResults :null
W/chromium(  429): [WARNING:proxy_service.cc(888)] PAC support disabled because there is no system implementation
D/dalvikvm(  429): GC_FOR_ALLOC freed 39K, 7% free 4506K/4844K, paused 4ms, total 4ms
I/dalvikvm-heap(  429): Grow heap (frag case) to 5.095MB for 635808-byte allocation
D/dalvikvm(  429): GC_CONCURRENT freed <1K, 7% free 5126K/5468K, paused 0ms+1ms, total 12ms
D/dalvikvm(  429): WAIT_FOR_CONCURRENT_GC blocked 6ms
D/dalvikvm(  429): WAIT_FOR_CONCURRENT_GC blocked 6ms
I/Choreographer(  429): Skipped 59 frames!  The application may be doing too much work on its main thread.
D/WifiStateMachine(  276): VerifyingLinkState enter
D/WifiStateMachine(  276): VerifyingLinkState GOOD_LINK_DETECTED: transition to captive portal check
D/WifiStateMachine(  276): CaptivePortalCheckState enter
D/WifiStateMachine(  276): CaptivePortalCheckState CMD_CAPTIVE_CHECK_COMPLETE
D/Launcher(  429): 11683562 - bindAddScreens()
D/Launcher(  429): 11683562 -   orderedScreenIds: 1
D/Launcher.Workspace(  429): 11683562 - insertNewWorkspaceScreen(): 1 at index: 0
D/ConnectivityService(  276): Captive portal check NetworkInfo: type: WIFI[], state: CONNECTING/CAPTIVE_PORTAL_CHECK, reason: (unspecified), extra: "AndroidAP", roaming: false, failover: false, isAvailable: true, isConnectedToProvisioningNetwork: false
D/ConnectivityService(  276): handleCaptivePortalTrackerCheck: call captivePortalCheckComplete ni=NetworkInfo: type: WIFI[], state: CONNECTING/CAPTIVE_PORTAL_CHECK, reason: (unspecified), extra: "AndroidAP", roaming: false, failover: false, isAvailable: true, isConnectedToProvisioningNetwork: false
D/ConnectivityService(  276): ConnectivityChange for WIFI: CONNECTED/CONNECTED
E/ConnectivityService(  276): Unexpected mtu value: android.net.wifi.WifiStateTracker@4a8c2c20
D/ConnectivityService(  276): sending Proxy Broadcast for [192.168.0.105] 8888 xl=
D/EventBus(  429): No subscribers registered for event class com.vphone.launcher.game.event.RankEvent
D/EventBus(  429): No subscribers registered for event class org.greenrobot.eventbus.NoSubscriberEvent
D/Nat464Xlat(  276): requiresClat: netType=1, hasIPv4Address=true
D/AndroidRuntime(  546): 
D/AndroidRuntime(  546): >>>>>> AndroidRuntime START com.android.internal.os.RuntimeInit <<<<<<
D/dalvikvm(  429): GC_CONCURRENT freed 521K, 11% free 5313K/5928K, paused 2ms+18ms, total 24ms
E/TelephonyProvider(  417): Failed setting numeric '460078' to the current operator
W/System.err(  429): com.android.volley.NoConnectionError: java.net.UnknownHostException: Unable to resolve host "api.bignox.com": No address associated with hostname
W/System.err(  429): 	at com.android.volley.toolbox.BasicNetwork.performRequest(SourceFile:158)
W/System.err(  429): 	at com.android.volley.NetworkDispatcher.run(SourceFile:114)
W/System.err(  429): Caused by: java.net.UnknownHostException: Unable to resolve host "api.bignox.com": No address associated with hostname
W/System.err(  429): 	at java.net.InetAddress.lookupHostByName(InetAddress.java:424)
W/System.err(  429): 	at java.net.InetAddress.getAllByNameImpl(InetAddress.java:236)
W/System.err(  429): 	at java.net.InetAddress.getAllByName(InetAddress.java:214)
W/System.err(  429): 	at okhttp3.Dns$1.lookup(SourceFile:39)
W/System.err(  429): 	at okhttp3.internal.http.RouteSelector.a(SourceFile:173)
W/System.err(  429): 	at okhttp3.internal.http.RouteSelector.b(SourceFile:139)
W/System.err(  429): 	at okhttp3.internal.http.RouteSelector.next(SourceFile:81)
W/System.err(  429): 	at okhttp3.internal.http.StreamAllocation.a(SourceFile:174)
W/System.err(  429): 	at okhttp3.internal.http.StreamAllocation.a(SourceFile:127)
W/System.err(  429): 	at okhttp3.internal.http.StreamAllocation.newStream(SourceFile:97)
W/System.err(  429): 	at okhttp3.internal.http.HttpEngine.b(SourceFile:289)
W/System.err(  429): 	at okhttp3.internal.http.HttpEngine.sendRequest(SourceFile:241)
W/System.err(  429): 	at ni.a(SourceFile:240)
W/System.err(  429): 	at ni$a.proceed(SourceFile:198)
W/System.err(  429): 	at ni.a(SourceFile:160)
W/System.err(  429): 	at ni.execute(SourceFile:57)
W/System.err(  429): 	at com.vphone.launcher.utils.OkHttpStack.performRequest(SourceFile:141)
W/System.err(  429): 	at com.android.volley.toolbox.BasicNetwork.performRequest(SourceFile:97)
W/System.err(  429): 	... 1 more
W/System.err(  429): Caused by: libcore.io.GaiException: getaddrinfo failed: EAI_NODATA (No address associated with hostname)
W/System.err(  429): 	at libcore.io.Posix.getaddrinfo(Native Method)
W/System.err(  429): 	at libcore.io.ForwardingOs.getaddrinfo(ForwardingOs.java:61)
W/System.err(  429): 	at java.net.InetAddress.lookupHostByName(InetAddress.java:405)
W/System.err(  429): 	... 18 more
I/SurfaceFlinger(  167): Boot is finished (11589 ms)
D/BluetoothManagerService(  276): Retrieving Bluetooth Adapter name and address...
D/BluetoothManagerService(  276): getNameAndAddress(): mBluetooth = null mBinding = false
D/BluetoothManagerService(  276): Message: 200
D/BluetoothManagerService(  276): MESSAGE_GET_NAME_AND_ADDRESS
D/BluetoothManagerService(  276): Binding to service to get name and address
E/BluetoothManagerService(  276): Fail to bind to: Intent { act=android.bluetooth.IBluetooth }
V/RenderScript(  429): 0xb8505610 Launching thread(s), CPUs 2
D/BluetoothManagerService(  276): Message: 20
D/BluetoothManagerService(  276): Added callback: android.bluetooth.BluetoothAdapter$1@4a93f654:true
E/BluetoothHeadset(  276): Could not bind to Bluetooth Headset Service with Intent { act=android.bluetooth.IBluetoothHeadset }
E/BluetoothA2dp(  276): Could not bind to Bluetooth A2DP Service with Intent { act=android.bluetooth.IBluetoothA2dp }
D/BluetoothManagerService(  276): Message: 30
D/BluetoothManagerService(  276): Message: 30
V/WiredAccessoryManager(  276): init()
I/PowerManagerService(  276): Boot animation finished.
I/RecoverySystem(  276): No recovery log file
I/BootReceiver(  276): Copying audit failures to DropBox
I/BootReceiver(  276): Checking for fsck errors
D/dalvikvm(  276): GC_CONCURRENT freed 454K, 9% free 5609K/6156K, paused 1ms+17ms, total 61ms
I/ActivityManager(  276): Start proc com.android.providers.calendar for broadcast com.android.providers.calendar/.CalendarReceiver: pid=597 uid=10001 gids={50001, 3003, 1028, 1015, 1023}
D/PhoneStatusBar(  330): disable: < EXPAND icons alerts TICKER system_info BACK HOME RECENT CLOCK* SEARCH >
I/dalvikvm(  597): ignoring registerObject request in thread=1
I/dalvikvm(  597): ignoring registerObject request in thread=1
I/ActivityManager(  276): Start proc android.process.media for content provider com.android.providers.downloads/.DownloadProvider: pid=609 uid=10004 gids={50004, 1028, 1015, 1023, 1024, 2001, 3003, 3007}
D/dalvikvm(  429): GC_CONCURRENT freed 1347K, 24% free 4692K/6136K, paused 1ms+1ms, total 30ms
I/dalvikvm(  609): ignoring registerObject request in thread=1
I/dalvikvm(  609): ignoring registerObject request in thread=1
D/AndroidRuntime(  546): CheckJNI is OFF
D/dalvikvm(  546): Using executionMode 2
D/dalvikvm(  546): Trying to load lib libjavacore.so 0x0
D/dalvikvm(  546): Added shared lib libjavacore.so 0x0
D/dalvikvm(  546): Trying to load lib libnativehelper.so 0x0
D/dalvikvm(  546): Added shared lib libnativehelper.so 0x0
D/dalvikvm(  546): No JNI_OnLoad found in libnativehelper.so 0x0, skipping init
D/dalvikvm(  546): Note: class Landroid/app/ActivityManagerNative; has 179 unimplemented (abstract) methods
I/CalendarProvider2(  597): Created com.android.providers.calendar.CalendarAlarmManager@4a7cb8f0(com.android.providers.calendar.CalendarProvider2@4a7c77d8)
E/memtrack(  546): Couldn't load memtrack module (No such file or directory)
E/android.os.Debug(  546): failed to load memtrack module: -2
D/AndroidRuntime(  546): Calling main entry com.android.commands.pm.Pm
D/AndroidRuntime(  546): Shutting down VM
E/cutils-trace(  546): Error opening trace file: No such file or directory (2)
D/dalvikvm(  546): GC_CONCURRENT freed 153K, 22% free 566K/724K, paused 0ms+0ms, total 0ms
I/AndroidRuntime(  546): NOTE: attach of thread 'Binder_2' failed
D/dalvikvm(  168): GC_EXPLICIT freed 37K, 5% free 2843K/2976K, paused 0ms+0ms, total 3ms
D/dalvikvm(  168): GC_EXPLICIT freed <1K, 5% free 2843K/2976K, paused 1ms+0ms, total 3ms
D/dalvikvm(  168): GC_EXPLICIT freed <1K, 5% free 2843K/2976K, paused 1ms+0ms, total 4ms
W/MessageQueue(  609): Handler (android.os.Handler) {4a7d96bc} sending message to a Handler on a dead thread
W/MessageQueue(  609): java.lang.RuntimeException: Handler (android.os.Handler) {4a7d96bc} sending message to a Handler on a dead thread
W/MessageQueue(  609): 	at android.os.MessageQueue.enqueueMessage(MessageQueue.java:320)
W/MessageQueue(  609): 	at android.os.Handler.enqueueMessage(Handler.java:626)
W/MessageQueue(  609): 	at android.os.Handler.sendMessageAtTime(Handler.java:595)
W/MessageQueue(  609): 	at android.os.Handler.sendMessageDelayed(Handler.java:566)
W/MessageQueue(  609): 	at android.os.Handler.sendMessage(Handler.java:503)
W/MessageQueue(  609): 	at android.os.Message.sendToTarget(Message.java:360)
W/MessageQueue(  609): 	at com.android.providers.downloads.DownloadService.enqueueUpdate(DownloadService.java:203)
W/MessageQueue(  609): 	at com.android.providers.downloads.DownloadService.access$000(DownloadService.java:71)
W/MessageQueue(  609): 	at com.android.providers.downloads.DownloadService$DownloadManagerContentObserver.onChange(DownloadService.java:130)
W/MessageQueue(  609): 	at android.database.ContentObserver.onChange(ContentObserver.java:129)
W/MessageQueue(  609): 	at android.database.ContentObserver$NotificationRunnable.run(ContentObserver.java:180)
W/MessageQueue(  609): 	at android.os.Handler.handleCallback(Handler.java:733)
W/MessageQueue(  609): 	at android.os.Handler.dispatchMessage(Handler.java:95)
W/MessageQueue(  609): 	at android.os.Looper.loop(Looper.java:136)
W/MessageQueue(  609): 	at android.app.ActivityThread.main(ActivityThread.java:5019)
W/MessageQueue(  609): 	at java.lang.reflect.Method.invokeNative(Native Method)
W/MessageQueue(  609): 	at java.lang.reflect.Method.invoke(Method.java:515)
W/MessageQueue(  609): 	at com.android.internal.os.ZygoteInit$MethodAndArgsCaller.run(ZygoteInit.java:779)
W/MessageQueue(  609): 	at com.android.internal.os.ZygoteInit.main(ZygoteInit.java:595)
W/MessageQueue(  609): 	at dalvik.system.NativeStart.main(Native Method)
I/dalvikvm(  661): ignoring registerObject request in thread=1
I/dalvikvm(  661): ignoring registerObject request in thread=1
I/ActivityManager(  276): Start proc com.android.onetimeinitializer for broadcast com.android.onetimeinitializer/.OneTimeInitializerReceiver: pid=661 uid=10007 gids={50007}
V/OneTimeInitializerRece(  661): OneTimeInitializerReceiver.onReceive
I/dalvikvm(  674): ignoring registerObject request in thread=1
I/dalvikvm(  674): ignoring registerObject request in thread=1
I/ActivityManager(  276): Start proc com.bignox.app.store.hd for broadcast com.bignox.app.store.hd/.providers.downloads.DownloadReceiver: pid=674 uid=1000 gids={41000, 1028, 1015, 1023, 3002, 3001, 3003, 1007}
D/dalvikvm(  609): JIT code cache reset in 0 ms (0 bytes 1/0)
D/dalvikvm(  609): GC_CONCURRENT freed 223K, 10% free 2997K/3316K, paused 0ms+0ms, total 3ms
D/Sensors (  276): Client connection accepted (176)
D/AndroidRuntime(  686): 
D/AndroidRuntime(  686): >>>>>> AndroidRuntime START com.android.internal.os.RuntimeInit <<<<<<
D/dalvikvm(  609): GC_CONCURRENT freed 238K, 10% free 3145K/3480K, paused 0ms+1ms, total 5ms
D/dalvikvm(  674): No JNI_OnLoad found in /system/lib/libxl_thunder_sdk.so 0x94f7bfc0, skipping init
D/dalvikvm(  674): No JNI_OnLoad found in /system/lib/libvphone_xl_thunder_iface.so 0x94f7bfc0, skipping init
I/XLUtil  (  674): loadAndParseFile start
I/XLUtil  (  674): loadAndParseFile end
I/XLDownloadManager(  674): Peerid:ODBBNTg5M0QyMzgzMDBYWQ==
I/XLDownloadManager(  674): Guid:MzUyMjg0MDQ1OTQyNDQyXzgwQTU4OTNEMjM4Mw==
I/XLDownloadManager(  674): doMonitorNetworkChange()
I/XLDownloadManager(  674): register Receiver
D/dalvikvm(  609): GC_CONCURRENT freed 324K, 12% free 3208K/3628K, paused 1ms+0ms, total 5ms
D/dalvikvm(  674): GC_CONCURRENT freed 249K, 11% free 3082K/3428K, paused 1ms+1ms, total 9ms
W/ActivityThread(  674): ClassLoader.loadClass: The class loader returned by Thread.getContextClassLoader() may fail for processes that host multiple applications. You should explicitly specify a context class loader. For example: Thread.setContextClassLoader(getClass().getClassLoader());
I/CalendarProvider2(  597): Sending notification intent: Intent { act=android.intent.action.PROVIDER_CHANGED dat=content://com.android.calendar }
W/ContentResolver(  597): Failed to get type for: content://com.android.calendar (Unknown URL content://com.android.calendar)
D/AndroidRuntime(  686): CheckJNI is OFF
D/dalvikvm(  686): Using executionMode 2
D/dalvikvm(  686): Trying to load lib libjavacore.so 0x0
D/dalvikvm(  686): Added shared lib libjavacore.so 0x0
D/dalvikvm(  686): Trying to load lib libnativehelper.so 0x0
D/dalvikvm(  686): Added shared lib libnativehelper.so 0x0
D/dalvikvm(  686): No JNI_OnLoad found in libnativehelper.so 0x0, skipping init
D/dalvikvm(  674): GC_CONCURRENT freed 280K, 11% free 3214K/3596K, paused 0ms+7ms, total 13ms
D/dalvikvm(  686): Note: class Landroid/app/ActivityManagerNative; has 179 unimplemented (abstract) methods
D/Volley  (  674): [1] DiskBasedCache.clear: Cache cleared.
W/ContextImpl(  674): Calling a method in the system process without a qualified user: android.app.ContextImpl.startService:1492 android.content.ContextWrapper.startService:494 com.bignox.app.store.hd.StoreApplication.onCreate:97 android.app.Instrumentation.callApplicationOnCreate:1024 android.app.ActivityThread.handleBindApplication:4346 
I/HttpDnsSDK(  674): HttpDnsThreadFactory create a new thread, name: Thread-58
I/HttpDnsSDK(  674): HttpDnsThreadFactory create a new thread, name: Thread-59
I/HttpDnsSDK(  674): HttpDnsThreadFactory create a new thread, name: Thread-61
W/ContextImpl(  674): Calling a method in the system process without a qualified user: android.app.ContextImpl.startService:1492 android.content.ContextWrapper.startService:494 android.content.ContextWrapper.startService:494 com.bignox.app.store.hd.providers.downloads.DownloadReceiver.startService:188 com.bignox.app.store.hd.providers.downloads.DownloadReceiver.onReceive:48 
E/memtrack(  686): Couldn't load memtrack module (No such file or directory)
E/android.os.Debug(  686): failed to load memtrack module: -2
W/ContextImpl(  429): Calling a method in the system process without a qualified user: android.app.ContextImpl.startService:1492 android.content.ContextWrapper.startService:494 android.content.ContextWrapper.startService:494 com.vphone.launcher.providers.downloads.DownloadReceiver.a:188 com.vphone.launcher.providers.downloads.DownloadReceiver.onReceive:48 
I/ActivityManager(  276): Start proc com.tencent.mm for broadcast com.tencent.mm/.booter.BluetoothReceiver: pid=725 uid=10027 gids={50027, 3003, 1028, 1015, 1023, 3002, 3001}
D/AndroidRuntime(  686): Calling main entry com.android.commands.pm.Pm
D/dalvikvm(  674): GC_CONCURRENT freed 279K, 11% free 3343K/3728K, paused 16ms+1ms, total 22ms
D/AndroidRuntime(  686): Shutting down VM
E/cutils-trace(  686): Error opening trace file: No such file or directory (2)
D/dalvikvm(  686): GC_CONCURRENT freed 153K, 22% free 566K/724K, paused 0ms+0ms, total 1ms
D/Event   (  674): No subscribers registered for event class com.bignox.app.store.hd.model.Game
D/Event   (  674): No subscribers registered for event class de.greenrobot.event.NoSubscriberEvent
D/Event   (  674): No subscribers registered for event class com.bignox.app.store.hd.model.Game
D/Event   (  674): No subscribers registered for event class de.greenrobot.event.NoSubscriberEvent
I/com.bignox.app.store.hd.repositories.AppRepository(  674): delete app by package url :com.bignox.app.store.hd
D/Event   (  674): No subscribers registered for event class com.bignox.app.store.hd.providers.downloads.CountEvent
D/Event   (  674): No subscribers registered for event class de.greenrobot.event.NoSubscriberEvent
D/HttpDnsSDK(  674): 57 - VMStack.java:-2 - [getThreadStackTrace] - stat: XULHpqq4TwwDAC9RRu7sJp7J
D/Event   (  674): No subscribers registered for event class com.bignox.app.store.hd.providers.downloads.CountEvent
D/Event   (  674): No subscribers registered for event class de.greenrobot.event.NoSubscriberEvent
D/dalvikvm(  609): GC_CONCURRENT freed 453K, 15% free 3157K/3704K, paused 1ms+1ms, total 12ms
D/Event   (  674): No subscribers registered for event class com.bignox.app.store.hd.model.Game
D/Event   (  674): No subscribers registered for event class de.greenrobot.event.NoSubscriberEvent
D/Event   (  674): No subscribers registered for event class com.bignox.app.store.hd.providers.downloads.CountEvent
D/Event   (  674): No subscribers registered for event class de.greenrobot.event.NoSubscriberEvent
D/Event   (  674): No subscribers registered for event class com.bignox.app.store.hd.providers.downloads.CountEvent
D/Event   (  674): No subscribers registered for event class de.greenrobot.event.NoSubscriberEvent
W/ContextImpl(  674): Calling a method in the system process without a qualified user: android.app.ContextImpl.sendBroadcast:1123 android.content.ContextWrapper.sendBroadcast:365 com.bignox.app.store.hd.asynctask.InitPackageMapTask.onPostExecute:284 com.bignox.app.store.hd.asynctask.InitPackageMapTask.onPostExecute:32 android.os.AsyncTask.finish:632 
E/NOX     (   71): recv() error
D/NOX     (   71): Socket read error
D/dalvikvm(  674): GC_CONCURRENT freed 384K, 13% free 3369K/3856K, paused 16ms+28ms, total 49ms
V/MediaScanner(  609): pruneDeadThumbnailFiles... android.database.sqlite.SQLiteCursor@4a7d1c20
V/MediaScanner(  609): /pruneDeadThumbnailFiles... android.database.sqlite.SQLiteCursor@4a7d1c20
I/dalvikvm(  725): ignoring registerObject request in thread=1
I/dalvikvm(  725): ignoring registerObject request in thread=1
I/dalvikvm(  725): Could not find method android.app.ActivityManager.getAppTasks, referenced from method com.tencent.mm.sdk.platformtools.bi.fX
W/dalvikvm(  725): VFY: unable to resolve virtual method 90: Landroid/app/ActivityManager;.getAppTasks ()Ljava/util/List;
D/dalvikvm(  725): VFY: replacing opcode 0x6e at 0x0011
D/dalvikvm(  725): DexOpt: couldn't find field Landroid/app/ActivityManager$RecentTaskInfo;.topActivity
I/dalvikvm(  725): DexOpt: unable to optimize instance field ref 0x0004 at 0x35 in Lcom/tencent/mm/sdk/platformtools/bi;.fX
D/AndroidRuntime(  754): 
D/AndroidRuntime(  754): >>>>>> AndroidRuntime START com.android.internal.os.RuntimeInit <<<<<<
D/dalvikvm(  725): Trying to load lib /data/app-lib/com.tencent.mm-1/libstlport_shared.so 0x94f81c00
D/houdini (  725): [725] Loading library(version: 4.0.8.45720 RELEASE)... successfully.
D/dalvikvm(  725): Added shared lib /data/app-lib/com.tencent.mm-1/libstlport_shared.so 0x94f81c00
D/dalvikvm(  725): No JNI_OnLoad found in /data/app-lib/com.tencent.mm-1/libstlport_shared.so 0x94f81c00, skipping init
D/dalvikvm(  725): Trying to load lib /data/app-lib/com.tencent.mm-1/libc++_shared.so 0x94f81c00
D/AndroidRuntime(  754): CheckJNI is OFF
D/dalvikvm(  754): Using executionMode 2
D/dalvikvm(  725): Added shared lib /data/app-lib/com.tencent.mm-1/libc++_shared.so 0x94f81c00
D/dalvikvm(  725): No JNI_OnLoad found in /data/app-lib/com.tencent.mm-1/libc++_shared.so 0x94f81c00, skipping init
D/dalvikvm(  725): Trying to load lib /data/app-lib/com.tencent.mm-1/libwechatxlog.so 0x94f81c00
D/dalvikvm(  754): Trying to load lib libjavacore.so 0x0
D/dalvikvm(  754): Added shared lib libjavacore.so 0x0
D/dalvikvm(  754): Trying to load lib libnativehelper.so 0x0
D/dalvikvm(  754): Added shared lib libnativehelper.so 0x0
D/dalvikvm(  754): No JNI_OnLoad found in libnativehelper.so 0x0, skipping init
D/dalvikvm(  725): Trying to load lib /data/app-lib/com.tencent.mm-1/libc++_shared.so 0x94f81c00
D/dalvikvm(  725): Shared lib '/data/app-lib/com.tencent.mm-1/libc++_shared.so' already loaded in same CL 0x94f81c00
D/dalvikvm(  754): Note: class Landroid/app/ActivityManagerNative; has 179 unimplemented (abstract) methods
D/dalvikvm(  725): Added shared lib /data/app-lib/com.tencent.mm-1/libwechatxlog.so 0x94f81c00
W/SocketClient(  163): write error (Broken pipe)
E/ActivityThread(  725): Failed to find provider info for com.tencent.mm.coolassist.debugprovider
E/memtrack(  754): Couldn't load memtrack module (No such file or directory)
E/android.os.Debug(  754): failed to load memtrack module: -2
D/Tethering(  276): MasterInitialState.processMessage what=3
D/CaptivePortalTracker(  276): NoActiveNetworkState{ when=-1ms what=1 obj=NetworkInfo: type: WIFI[], state: CONNECTED/CONNECTED, reason: (unspecified), extra: "AndroidAP", roaming: false, failover: false, isAvailable: true, isConnectedToProvisioningNetwork: false target=com.android.internal.util.StateMachine$SmHandler }
W/SocketClient(  163): write error (Broken pipe)
D/HttpDnsSDK(  674): 59 - VMStack.java:-2 - [getThreadStackTrace] - resolve host: ressrc.yeshen.com, return: {"host":"ressrc.yeshen.com","ips":["60.205.13.186"],"ttl":234,"origin_ttl":600}
D/HttpDnsSDK(  674): 61 - VMStack.java:-2 - [getThreadStackTrace] - resolve host: res.src.yeshen.com, return: {"host":"res.src.yeshen.com","ips":[],"ttl":300}
D/AndroidRuntime(  754): Calling main entry com.android.commands.pm.Pm
D/AndroidRuntime(  754): Shutting down VM
E/cutils-trace(  754): Error opening trace file: No such file or directory (2)
D/        (  674): HostConnection::get() New Host Connection established 0xb83f2da0, tid 674
D/dalvikvm(  754): GC_CONCURRENT freed 153K, 22% free 566K/724K, paused 0ms+0ms, total 20ms
D/HttpDnsSDK(  674): 1 - VMStack.java:-2 - [getThreadStackTrace] - [detectCurrentNetwork] - Network name:WIFI subType name: 
D/HttpDnsSDK(  674): 1 - VMStack.java:-2 - [getThreadStackTrace] - [BroadcastReceiver.onReceive] - Network state changed
D/HttpDnsSDK(  674): 1 - VMStack.java:-2 - [getThreadStackTrace] - [BroadcastReceiver.onReceive] - refresh host
D/XLDownloadManager(  674): NetworkChangeHandlerThread nettype=9
D/XLDownloadManager(  674): NetworkChangeHandlerThread bssid=80:A5:89:3D:23:83
D/dalvikvm(  674): GC_CONCURRENT freed 374K, 13% free 3426K/3900K, paused 1ms+1ms, total 17ms
D/HttpDnsSDK(  674): 58 - VMStack.java:-2 - [getThreadStackTrace] - resolve host: res.yeshen.com, return: {"host":"res.yeshen.com","ips":["211.91.255.35"],"ttl":60,"origin_ttl":60}
D/HttpDnsSDK(  674): 61 - VMStack.java:-2 - [getThreadStackTrace] - resolve host: ressrc.yeshen.com, return: {"host":"ressrc.yeshen.com","ips":["60.205.13.186"],"ttl":234,"origin_ttl":600}
D/HttpDnsSDK(  674): 59 - VMStack.java:-2 - [getThreadStackTrace] - resolve host: res.src.yeshen.com, return: {"host":"res.src.yeshen.com","ips":[],"ttl":300}
W/dalvikvm(  725): VFY: unable to resolve static field 3326 (ENOSPC) in Landroid/system/OsConstants;
D/dalvikvm(  725): VFY: replacing opcode 0x60 at 0x007d
E/NOX     (   71): recv() error
D/NOX     (   71): Socket read error
D/HttpDnsSDK(  674): 57 - VMStack.java:-2 - [getThreadStackTrace] - MAN report error
W/System.err(  674): java.net.UnknownHostException: Unable to resolve host "adash.man.aliyuncs.com": No address associated with hostname
W/System.err(  674): 	at java.net.InetAddress.lookupHostByName(InetAddress.java:424)
W/System.err(  674): 	at java.net.InetAddress.getAllByNameImpl(InetAddress.java:236)
W/System.err(  674): 	at java.net.InetAddress.getAllByName(InetAddress.java:214)
W/System.err(  674): 	at com.android.okhttp.internal.Dns$1.getAllByName(Dns.java:28)
W/System.err(  674): 	at com.android.okhttp.internal.http.RouteSelector.resetNextInetSocketAddress(RouteSelector.java:216)
W/System.err(  674): 	at com.android.okhttp.internal.http.RouteSelector.next(RouteSelector.java:122)
W/System.err(  674): 	at com.android.okhttp.internal.http.HttpEngine.connect(HttpEngine.java:292)
W/System.err(  674): 	at com.android.okhttp.internal.http.HttpEngine.sendSocketRequest(HttpEngine.java:255)
W/System.err(  674): 	at com.android.okhttp.internal.http.HttpEngine.sendRequest(HttpEngine.java:206)
W/System.err(  674): 	at com.android.okhttp.internal.http.HttpURLConnectionImpl.execute(HttpURLConnectionImpl.java:345)
W/System.err(  674): 	at com.android.okhttp.internal.http.HttpURLConnectionImpl.connect(HttpURLConnectionImpl.java:89)
W/System.err(  674): 	at com.android.okhttp.internal.http.HttpURLConnectionImpl.getOutputStream(HttpURLConnectionImpl.java:197)
W/System.err(  674): 	at com.alibaba.sdk.android.httpdns.f.a(Unknown Source)
W/System.err(  674): 	at com.alibaba.sdk.android.httpdns.c.run(Unknown Source)
W/System.err(  674): 	at java.lang.Thread.run(Thread.java:841)
W/System.err(  674): Caused by: libcore.io.GaiException: getaddrinfo failed: EAI_NODATA (No address associated with hostname)
W/System.err(  674): 	at libcore.io.Posix.getaddrinfo(Native Method)
W/System.err(  674): 	at libcore.io.ForwardingOs.getaddrinfo(ForwardingOs.java:61)
W/System.err(  674): 	at java.net.InetAddress.lookupHostByName(InetAddress.java:405)
W/System.err(  674): 	... 14 more
D/NOX-AGPS(  783): 0|33117|32773(mnc=0, lac=33117, cid=32773) for lng=105.563583 & lat=28.001251 
D/dalvikvm(  725): JIT code cache reset in 0 ms (0 bytes 1/0)
D/dalvikvm(  725): GC_CONCURRENT freed 265K, 11% free 2981K/3344K, paused 0ms+0ms, total 3ms
D/AndroidRuntime(  787): 
D/AndroidRuntime(  787): >>>>>> AndroidRuntime START com.android.internal.os.RuntimeInit <<<<<<
I/AudioMixer(  170): found effect "Multichannel Downmix To Stereo" from The Android Open Source Project
W/System.err(  674): java.util.concurrent.ExecutionException: com.android.volley.NoConnectionError: org.apache.http.conn.HttpHostConnectException: Connection to http://192.168.0.105:8888 refused
W/System.err(  674): 	at com.android.volley.toolbox.RequestFuture.doGet(RequestFuture.java:117)
W/System.err(  674): 	at com.android.volley.toolbox.RequestFuture.get(RequestFuture.java:88)
W/System.err(  674): 	at com.bignox.app.store.hd.asynctask.InitUpgradeAppTask.getUpgradeList(InitUpgradeAppTask.java:90)
W/System.err(  674): 	at com.bignox.app.store.hd.asynctask.InitUpgradeAppTask.doInBackground(InitUpgradeAppTask.java:52)
W/System.err(  674): 	at com.bignox.app.store.hd.asynctask.InitUpgradeAppTask.doInBackground(InitUpgradeAppTask.java:35)
W/System.err(  674): 	at android.os.AsyncTask$2.call(AsyncTask.java:288)
W/System.err(  674): 	at java.util.concurrent.FutureTask.run(FutureTask.java:237)
W/System.err(  674): 	at android.os.AsyncTask$SerialExecutor$1.run(AsyncTask.java:231)
W/System.err(  674): 	at java.util.concurrent.ThreadPoolExecutor.runWorker(ThreadPoolExecutor.java:1112)
W/System.err(  674): 	at java.util.concurrent.ThreadPoolExecutor$Worker.run(ThreadPoolExecutor.java:587)
W/System.err(  674): 	at java.lang.Thread.run(Thread.java:841)
W/System.err(  674): Caused by: com.android.volley.NoConnectionError: org.apache.http.conn.HttpHostConnectException: Connection to http://192.168.0.105:8888 refused
W/System.err(  674): 	at com.android.volley.toolbox.BasicNetwork.performRequest(BasicNetwork.java:158)
W/System.err(  674): 	at com.android.volley.NetworkDispatcher.run(NetworkDispatcher.java:114)
W/System.err(  674): Caused by: org.apache.http.conn.HttpHostConnectException: Connection to http://192.168.0.105:8888 refused
W/System.err(  674): 	at org.apache.http.impl.conn.DefaultClientConnectionOperator.openConnection(DefaultClientConnectionOperator.java:183)
W/System.err(  674): 	at org.apache.http.impl.conn.AbstractPoolEntry.open(AbstractPoolEntry.java:164)
W/System.err(  674): 	at org.apache.http.impl.conn.AbstractPooledConnAdapter.open(AbstractPooledConnAdapter.java:119)
W/System.err(  674): 	at org.apache.http.impl.client.DefaultRequestDirector.execute(DefaultRequestDirector.java:360)
W/System.err(  674): 	at org.apache.http.impl.client.AbstractHttpClient.execute(AbstractHttpClient.java:555)
W/System.err(  674): 	at org.apache.http.impl.client.AbstractHttpClient.execute(AbstractHttpClient.java:487)
W/System.err(  674): 	at org.apache.http.impl.client.AbstractHttpClient.execute(AbstractHttpClient.java:465)
W/System.err(  674): 	at com.android.volley.toolbox.HttpClientStack.performRequest(HttpClientStack.java:87)
W/System.err(  674): 	at com.android.volley.toolbox.BasicNetwork.performRequest(BasicNetwork.java:97)
W/System.err(  674): 	... 1 more
W/System.err(  674): Caused by: java.net.ConnectException: failed to connect to /192.168.0.105 (port 8888) after 5000ms: isConnected failed: ECONNREFUSED (Connection refused)
W/System.err(  674): 	at libcore.io.IoBridge.isConnected(IoBridge.java:223)
W/System.err(  674): 	at libcore.io.IoBridge.connectErrno(IoBridge.java:161)
W/System.err(  674): 	at libcore.io.IoBridge.connect(IoBridge.java:112)
W/System.err(  674): 	at java.net.PlainSocketImpl.connect(PlainSocketImpl.java:192)
W/System.err(  674): 	at java.net.PlainSocketImpl.connect(PlainSocketImpl.java:459)
W/System.err(  674): 	at java.net.Socket.connect(Socket.java:843)
W/System.err(  674): 	at org.apache.http.conn.scheme.PlainSocketFactory.connectSocket(PlainSocketFactory.java:119)
W/System.err(  674): 	at org.apache.http.impl.conn.DefaultClientConnectionOperator.openConnection(DefaultClientConnectionOperator.java:144)
W/System.err(  674): 	... 9 more
W/System.err(  674): Caused by: libcore.io.ErrnoException: isConnected failed: ECONNREFUSED (Connection refused)
W/System.err(  674): 	at libcore.io.IoBridge.isConnected(IoBridge.java:208)
W/System.err(  674): 	... 16 more
D/PhoneStatusBar(  330): disable: < expand* icons alerts ticker* system_info back* home* recent* clock* search* >
W/ContextImpl(  276): Calling a method in the system process without a qualified user: android.app.ContextImpl.sendBroadcast:1123 com.android.server.InputMethodManagerService.hideCurrentInputLocked:1880 com.android.server.InputMethodManagerService.windowGainedFocus:1968 com.android.internal.view.IInputMethodManager$Stub.onTransact:221 com.android.server.InputMethodManagerService.onTransact:818 
W/ContextImpl(  276): Calling a method in the system process without a qualified user: android.app.ContextImpl.sendBroadcast:1123 com.android.server.NotificationManagerService$6.run:1838 android.os.Handler.handleCallback:733 android.os.Handler.dispatchMessage:95 android.os.Looper.loop:136 
D/dalvikvm(  725): GC_FOR_ALLOC freed 302K, 15% free 3047K/3552K, paused 3ms, total 3ms
D/AndroidRuntime(  787): CheckJNI is OFF
D/dalvikvm(  787): Using executionMode 2
D/dalvikvm(  787): Trying to load lib libjavacore.so 0x0
D/dalvikvm(  787): Added shared lib libjavacore.so 0x0
D/dalvikvm(  787): Trying to load lib libnativehelper.so 0x0
D/dalvikvm(  787): Added shared lib libnativehelper.so 0x0
D/dalvikvm(  787): No JNI_OnLoad found in libnativehelper.so 0x0, skipping init
D/dalvikvm(  787): Note: class Landroid/app/ActivityManagerNative; has 179 unimplemented (abstract) methods
E/memtrack(  787): Couldn't load memtrack module (No such file or directory)
E/android.os.Debug(  787): failed to load memtrack module: -2
D/AndroidRuntime(  787): Calling main entry com.android.commands.pm.Pm
D/AndroidRuntime(  787): Shutting down VM
E/cutils-trace(  787): Error opening trace file: No such file or directory (2)
D/dalvikvm(  787): GC_CONCURRENT freed 153K, 22% free 566K/724K, paused 0ms+0ms, total 1ms
D/dalvikvm(  725): GC_FOR_ALLOC freed 317K, 17% free 3047K/3656K, paused 4ms, total 4ms
D/dalvikvm(  725): GC_FOR_ALLOC freed 336K, 17% free 3049K/3656K, paused 3ms, total 3ms
D/dalvikvm(  725): GC_FOR_ALLOC freed 333K, 17% free 3049K/3656K, paused 4ms, total 4ms
D/AndroidRuntime(  805): 
D/AndroidRuntime(  805): >>>>>> AndroidRuntime START com.android.internal.os.RuntimeInit <<<<<<
D/AndroidRuntime(  805): CheckJNI is OFF
D/dalvikvm(  805): Using executionMode 2
D/dalvikvm(  805): Trying to load lib libjavacore.so 0x0
D/dalvikvm(  805): Added shared lib libjavacore.so 0x0
D/dalvikvm(  805): Trying to load lib libnativehelper.so 0x0
D/dalvikvm(  805): Added shared lib libnativehelper.so 0x0
D/dalvikvm(  805): No JNI_OnLoad found in libnativehelper.so 0x0, skipping init
D/dalvikvm(  805): Note: class Landroid/app/ActivityManagerNative; has 179 unimplemented (abstract) methods
E/memtrack(  805): Couldn't load memtrack module (No such file or directory)
E/android.os.Debug(  805): failed to load memtrack module: -2
D/AndroidRuntime(  805): Calling main entry com.android.commands.pm.Pm
D/AndroidRuntime(  805): Shutting down VM
E/cutils-trace(  805): Error opening trace file: No such file or directory (2)
D/dalvikvm(  805): GC_CONCURRENT freed 150K, 22% free 567K/720K, paused 0ms+0ms, total 1ms
D/dalvikvm(  429): GC_FOR_ALLOC freed 223K, 22% free 4808K/6136K, paused 4ms, total 4ms
D/dalvikvm(  429): GC_CONCURRENT freed 12K, 12% free 5416K/6136K, paused 3ms+1ms, total 7ms
I/dalvikvm(  429): Could not find method android.widget.LinearLayout.<init>, referenced from method com.bigkoo.convenientbanner.ConvenientBanner.<init>
W/dalvikvm(  429): VFY: unable to resolve direct method 17827: Landroid/widget/LinearLayout;.<init> (Landroid/content/Context;Landroid/util/AttributeSet;II)V
D/dalvikvm(  429): VFY: replacing opcode 0x70 at 0x0002
W/ViewPager(  429): Requested offscreen page limit 0 too small; defaulting to 1
I/FusedLocation(  276): engine stopped (com.android.location.fused)
I/FusedLocation(  276): engine started (com.android.location.fused)
I/FusedLocation(  276): engine started (com.android.location.fused)
W/DebugConnManager(  276): getNetworkInfo() on networkType 1
E/GpsLocationProvider(  276): no AGPS interface in set_agps_server
E/RemotePrintSpooler(  276): Error removing obsolete print jobs .
E/RemotePrintSpooler(  276): java.util.concurrent.TimeoutException: Cannot get spooler!
E/RemotePrintSpooler(  276): 	at com.android.server.print.RemotePrintSpooler.bindLocked(RemotePrintSpooler.java:376)
E/RemotePrintSpooler(  276): 	at com.android.server.print.RemotePrintSpooler.getRemoteInstanceLazy(RemotePrintSpooler.java:352)
E/RemotePrintSpooler(  276): 	at com.android.server.print.RemotePrintSpooler.removeObsoletePrintJobs(RemotePrintSpooler.java:287)
E/RemotePrintSpooler(  276): 	at com.android.server.print.UserState.removeObsoletePrintJobs(UserState.java:163)
E/RemotePrintSpooler(  276): 	at com.android.server.print.PrintManagerService$1.run(PrintManagerService.java:94)
E/RemotePrintSpooler(  276): 	at android.os.Handler.handleCallback(Handler.java:733)
E/RemotePrintSpooler(  276): 	at android.os.Handler.dispatchMessage(Handler.java:95)
E/RemotePrintSpooler(  276): 	at android.os.Looper.loop(Looper.java:136)
E/RemotePrintSpooler(  276): 	at android.os.HandlerThread.run(HandlerThread.java:61)
D/dalvikvm(  725): GC_CONCURRENT freed 198K, 12% free 3250K/3656K, paused 19ms+7ms, total 30ms
E/local_gps(  162): Can't send RMC command
D/dalvikvm(  725): GC_CONCURRENT freed 256K, 10% free 3384K/3740K, paused 10ms+4ms, total 17ms
D/dalvikvm(  725): GC_CONCURRENT freed 166K, 8% free 3619K/3916K, paused 2ms+0ms, total 4ms
D/AndroidRuntime(  832): 
D/AndroidRuntime(  832): >>>>>> AndroidRuntime START com.android.internal.os.RuntimeInit <<<<<<
D/dalvikvm(  725): GC_CONCURRENT freed 284K, 10% free 3742K/4124K, paused 3ms+1ms, total 6ms
D/AndroidRuntime(  832): CheckJNI is OFF
D/dalvikvm(  832): Using executionMode 2
D/dalvikvm(  832): Trying to load lib libjavacore.so 0x0
D/dalvikvm(  832): Added shared lib libjavacore.so 0x0
D/dalvikvm(  832): Trying to load lib libnativehelper.so 0x0
D/dalvikvm(  832): Added shared lib libnativehelper.so 0x0
D/dalvikvm(  832): No JNI_OnLoad found in libnativehelper.so 0x0, skipping init
D/dalvikvm(  725): GC_CONCURRENT freed 332K, 11% free 3848K/4280K, paused 2ms+0ms, total 4ms
D/dalvikvm(  832): Note: class Landroid/app/ActivityManagerNative; has 179 unimplemented (abstract) methods
D/dalvikvm(  725): GC_CONCURRENT freed 290K, 10% free 3942K/4336K, paused 1ms+0ms, total 4ms
E/memtrack(  832): Couldn't load memtrack module (No such file or directory)
E/android.os.Debug(  832): failed to load memtrack module: -2
D/AndroidRuntime(  832): Calling main entry com.android.commands.am.Am
